Archive member included to satisfy reference by file (symbol)

C:/mingwF20x/bin/../lib/gcc/x86_64-w64-mingw32/15.2.0/../../../../x86_64-w64-mingw32/lib/../lib/libmingw32.a(lib64_libmingw32_a-gccmain.o)
                              C:/mingwF20x/bin/../lib/gcc/x86_64-w64-mingw32/15.2.0/../../../../x86_64-w64-mingw32/lib/../lib/crt2.o (__main)
C:/mingwF20x/bin/../lib/gcc/x86_64-w64-mingw32/15.2.0/../../../../x86_64-w64-mingw32/lib/../lib/libmingw32.a(lib64_libmingw32_a-natstart.o)
                              C:/mingwF20x/bin/../lib/gcc/x86_64-w64-mingw32/15.2.0/../../../../x86_64-w64-mingw32/lib/../lib/crt2.o (__native_startup_state)
C:/mingwF20x/bin/../lib/gcc/x86_64-w64-mingw32/15.2.0/../../../../x86_64-w64-mingw32/lib/../lib/libmingw32.a(lib64_libmingw32_a-wildcard.o)
                              C:/mingwF20x/bin/../lib/gcc/x86_64-w64-mingw32/15.2.0/../../../../x86_64-w64-mingw32/lib/../lib/crt2.o (_dowildcard)
C:/mingwF20x/bin/../lib/gcc/x86_64-w64-mingw32/15.2.0/../../../../x86_64-w64-mingw32/lib/../lib/libmingw32.a(lib64_libmingw32_a-dllargv.o)
                              C:/mingwF20x/bin/../lib/gcc/x86_64-w64-mingw32/15.2.0/../../../../x86_64-w64-mingw32/lib/../lib/crt2.o (_setargv)
C:/mingwF20x/bin/../lib/gcc/x86_64-w64-mingw32/15.2.0/../../../../x86_64-w64-mingw32/lib/../lib/libmingw32.a(lib64_libmingw32_a-_newmode.o)
                              C:/mingwF20x/bin/../lib/gcc/x86_64-w64-mingw32/15.2.0/../../../../x86_64-w64-mingw32/lib/../lib/crt2.o (_newmode)
C:/mingwF20x/bin/../lib/gcc/x86_64-w64-mingw32/15.2.0/../../../../x86_64-w64-mingw32/lib/../lib/libmingw32.a(lib64_libmingw32_a-tlssup.o)
                              C:/mingwF20x/bin/../lib/gcc/x86_64-w64-mingw32/15.2.0/../../../../x86_64-w64-mingw32/lib/../lib/crt2.o (__dyn_tls_init_callback)
C:/mingwF20x/bin/../lib/gcc/x86_64-w64-mingw32/15.2.0/../../../../x86_64-w64-mingw32/lib/../lib/libmingw32.a(lib64_libmingw32_a-xncommod.o)
                              C:/mingwF20x/bin/../lib/gcc/x86_64-w64-mingw32/15.2.0/../../../../x86_64-w64-mingw32/lib/../lib/crt2.o (_commode)
C:/mingwF20x/bin/../lib/gcc/x86_64-w64-mingw32/15.2.0/../../../../x86_64-w64-mingw32/lib/../lib/libmingw32.a(lib64_libmingw32_a-cinitexe.o)
                              C:/mingwF20x/bin/../lib/gcc/x86_64-w64-mingw32/15.2.0/../../../../x86_64-w64-mingw32/lib/../lib/crt2.o (__xi_a)
C:/mingwF20x/bin/../lib/gcc/x86_64-w64-mingw32/15.2.0/../../../../x86_64-w64-mingw32/lib/../lib/libmingw32.a(lib64_libmingw32_a-merr.o)
                              C:/mingwF20x/bin/../lib/gcc/x86_64-w64-mingw32/15.2.0/../../../../x86_64-w64-mingw32/lib/../lib/crt2.o (_matherr)
C:/mingwF20x/bin/../lib/gcc/x86_64-w64-mingw32/15.2.0/../../../../x86_64-w64-mingw32/lib/../lib/libmingw32.a(lib64_libmingw32_a-xthdloc.o)
                              C:/mingwF20x/bin/../lib/gcc/x86_64-w64-mingw32/15.2.0/../../../../x86_64-w64-mingw32/lib/../lib/crt2.o (__globallocalestatus)
C:/mingwF20x/bin/../lib/gcc/x86_64-w64-mingw32/15.2.0/../../../../x86_64-w64-mingw32/lib/../lib/libmingw32.a(lib64_libmingw32_a-mingw_helpers.o)
                              C:/mingwF20x/bin/../lib/gcc/x86_64-w64-mingw32/15.2.0/../../../../x86_64-w64-mingw32/lib/../lib/crt2.o (__mingw_app_type)
C:/mingwF20x/bin/../lib/gcc/x86_64-w64-mingw32/15.2.0/../../../../x86_64-w64-mingw32/lib/../lib/libmingw32.a(lib64_libmingw32_a-pseudo-reloc.o)
                              C:/mingwF20x/bin/../lib/gcc/x86_64-w64-mingw32/15.2.0/../../../../x86_64-w64-mingw32/lib/../lib/crt2.o (_pei386_runtime_relocator)
C:/mingwF20x/bin/../lib/gcc/x86_64-w64-mingw32/15.2.0/../../../../x86_64-w64-mingw32/lib/../lib/libmingw32.a(lib64_libmingw32_a-usermatherr.o)
                              C:/mingwF20x/bin/../lib/gcc/x86_64-w64-mingw32/15.2.0/../../../../x86_64-w64-mingw32/lib/../lib/crt2.o (__mingw_setusermatherr)
C:/mingwF20x/bin/../lib/gcc/x86_64-w64-mingw32/15.2.0/../../../../x86_64-w64-mingw32/lib/../lib/libmingw32.a(lib64_libmingw32_a-xtxtmode.o)
                              C:/mingwF20x/bin/../lib/gcc/x86_64-w64-mingw32/15.2.0/../../../../x86_64-w64-mingw32/lib/../lib/crt2.o (_fmode)
C:/mingwF20x/bin/../lib/gcc/x86_64-w64-mingw32/15.2.0/../../../../x86_64-w64-mingw32/lib/../lib/libmingw32.a(lib64_libmingw32_a-crt_handler.o)
                              C:/mingwF20x/bin/../lib/gcc/x86_64-w64-mingw32/15.2.0/../../../../x86_64-w64-mingw32/lib/../lib/crt2.o (_gnu_exception_handler)
C:/mingwF20x/bin/../lib/gcc/x86_64-w64-mingw32/15.2.0/../../../../x86_64-w64-mingw32/lib/../lib/libmingw32.a(lib64_libmingw32_a-tlsthrd.o)
                              C:/mingwF20x/bin/../lib/gcc/x86_64-w64-mingw32/15.2.0/../../../../x86_64-w64-mingw32/lib/../lib/libmingw32.a(lib64_libmingw32_a-tlssup.o) (__mingw_TLScallback)
C:/mingwF20x/bin/../lib/gcc/x86_64-w64-mingw32/15.2.0/../../../../x86_64-w64-mingw32/lib/../lib/libmingw32.a(lib64_libmingw32_a-tlsmcrt.o)
[...]
Memory Configuration

Name             Origin             Length             Attributes
*default*        0x0000000000000000 0xffffffffffffffff

Linker script and memory map

                0x0000000140000000                __image_base__ = 0x140000000
                0x0000000000000000                __dll__ = 0x0
                0x0000000140000000                __ImageBase = 0x140000000
                0x0000000000001000                __section_alignment__ = 0x1000
                0x0000000000000200                __file_alignment__ = 0x200
                0x0000000000000004                __major_os_version__ = 0x4
                0x0000000000000000                __minor_os_version__ = 0x0
                0x0000000000000000                __major_image_version__ = 0x0
                0x0000000000000000                __minor_image_version__ = 0x0
                0x0000000000000005                __major_subsystem_version__ = 0x5
                0x0000000000000002                __minor_subsystem_version__ = 0x2
                0x0000000000000003                __subsystem__ = 0x3
                0x0000000000200000                __size_of_stack_reserve__ = 0x200000
                0x0000000000001000                __size_of_stack_commit__ = 0x1000
                0x0000000000100000                __size_of_heap_reserve__ = 0x100000
                0x0000000000001000                __size_of_heap_commit__ = 0x1000
                0x0000000000000000                __loader_flags__ = 0x0
                0x0000000000000160                __dll_characteristics__ = 0x160
LOAD C:/mingwF20x/bin/../lib/gcc/x86_64-w64-mingw32/15.2.0/../../../../x86_64-w64-mingw32/lib/../lib/crt2.o
LOAD C:/mingwF20x/bin/../lib/gcc/x86_64-w64-mingw32/15.2.0/crtbegin.o
LOAD C:\Users\Shelwien\AppData\Local\Temp\ccgwjwDB.o
LOAD C:/mingwF20x/bin/../lib/gcc/x86_64-w64-mingw32/15.2.0/../../../../lib/libstdc++.dll.a
LOAD C:/mingwF20x/bin/../lib/gcc/x86_64-w64-mingw32/15.2.0/../../../../x86_64-w64-mingw32/lib/../lib/libmingw32.a
LOAD C:/mingwF20x/bin/../lib/gcc/x86_64-w64-mingw32/15.2.0/../../../../lib/libgcc_s.a
LOAD C:/mingwF20x/bin/../lib/gcc/x86_64-w64-mingw32/15.2.0/libgcc.a
LOAD C:/mingwF20x/bin/../lib/gcc/x86_64-w64-mingw32/15.2.0/../../../../x86_64-w64-mingw32/lib/../lib/libmingwex.a
LOAD C:/mingwF20x/bin/../lib/gcc/x86_64-w64-mingw32/15.2.0/../../../../x86_64-w64-mingw32/lib/../lib/libmsvcrt.a
LOAD C:/mingwF20x/bin/../lib/gcc/x86_64-w64-mingw32/15.2.0/../../../../x86_64-w64-mingw32/lib/../lib/libkernel32.a
LOAD C:/mingwF20x/bin/../lib/gcc/x86_64-w64-mingw32/15.2.0/../../../../x86_64-w64-mingw32/lib/../lib/libpthread.dll.a
LOAD C:/mingwF20x/bin/../lib/gcc/x86_64-w64-mingw32/15.2.0/../../../../x86_64-w64-mingw32/lib/../lib/libadvapi32.a
LOAD C:/mingwF20x/bin/../lib/gcc/x86_64-w64-mingw32/15.2.0/../../../../x86_64-w64-mingw32/lib/../lib/libshell32.a
LOAD C:/mingwF20x/bin/../lib/gcc/x86_64-w64-mingw32/15.2.0/../../../../x86_64-w64-mingw32/lib/../lib/libuser32.a
LOAD C:/mingwF20x/bin/../lib/gcc/x86_64-w64-mingw32/15.2.0/../../../../x86_64-w64-mingw32/lib/../lib/libkernel32.a
LOAD C:/mingwF20x/bin/../lib/gcc/x86_64-w64-mingw32/15.2.0/../../../../x86_64-w64-mingw32/lib/../lib/libmingw32.a
LOAD C:/mingwF20x/bin/../lib/gcc/x86_64-w64-mingw32/15.2.0/../../../../lib/libgcc_s.a
LOAD C:/mingwF20x/bin/../lib/gcc/x86_64-w64-mingw32/15.2.0/libgcc.a
LOAD C:/mingwF20x/bin/../lib/gcc/x86_64-w64-mingw32/15.2.0/../../../../x86_64-w64-mingw32/lib/../lib/libmingwex.a
LOAD C:/mingwF20x/bin/../lib/gcc/x86_64-w64-mingw32/15.2.0/../../../../x86_64-w64-mingw32/lib/../lib/libmsvcrt.a
LOAD C:/mingwF20x/bin/../lib/gcc/x86_64-w64-mingw32/15.2.0/../../../../x86_64-w64-mingw32/lib/../lib/libkernel32.a
LOAD C:/mingwF20x/bin/../lib/gcc/x86_64-w64-mingw32/15.2.0/crtfastmath.o
LOAD C:/mingwF20x/bin/../lib/gcc/x86_64-w64-mingw32/15.2.0/crtend.o
                0x0000000000000318                . = SIZEOF_HEADERS
                0x0000000000001000                . = ALIGN (__section_alignment__)

.text           0x0000000140001000    0x1a400
 *(SORT_NONE(.init))
 *(.text)
 .text          0x0000000140001000      0x600 C:/mingwF20x/bin/../lib/gcc/x86_64-w64-mingw32/15.2.0/../../../../x86_64-w64-mingw32/lib/../lib/crt2.o
                0x0000000140001017                WinMainCRTStartup
                0x0000000140001046                mainCRTStartup
                0x00000001400015db                atexit
 .text          0x0000000140001600      0x110 C:/mingwF20x/bin/../lib/gcc/x86_64-w64-mingw32/15.2.0/crtbegin.o
                0x0000000140001600                .weak.__register_frame_info.hmod_libgcc
                0x0000000140001610                .weak.__deregister_frame_info.hmod_libgcc
                0x0000000140001620                __gcc_register_frame
                0x00000001400016d0                __gcc_deregister_frame
 *fill*         0x0000000140001710       0x30 
 .text          0x0000000140001740    0x101c0 C:\Users\Shelwien\AppData\Local\Temp\ccgwjwDB.o
                0x0000000140001740                kad_op_mul(kad_node_t*, int)
                0x00000001400020c0                kad_op_stdnorm(kad_node_t*, int)
                0x0000000140002e70                kad_op_ce_multi(kad_node_t*, int)
                0x0000000140003840                kad_op_sigm(kad_node_t*, int)
                0x0000000140003be0                kad_op_tanh(kad_node_t*, int)
                0x0000000140003fd0                kad_op_softmax(kad_node_t*, int)
                0x0000000140004990                kad_op_concat(kad_node_t*, int)
                0x00000001400050b0                kad_op_avg(kad_node_t*, int)
                0x0000000140005880                kad_op_1minus(kad_node_t*, int)
                0x0000000140005d20                kad_op_add(kad_node_t*, int)
                0x0000000140006550                kad_len(kad_node_t const*)
                0x0000000140006590                kad_ext_collate(int, kad_node_t**, float**, float**, float**)
                0x00000001400068d0                kad_ext_sync(int, kad_node_t**, float*, float*, float*)
                0x00000001400069f0                kann_delete_unrolled(kann_t*)
                0x0000000140006a90                kann_delete(kann_t*)
                0x0000000140006b60                kann_switch_core(kann_t*, int)
                0x0000000140006bb0                kann_find(kann_t const*, unsigned int, int)
                0x0000000140007590                kann_feed_bind(kann_t*, unsigned int, int, float**)
                0x00000001400076d0                kann_rnn_end(kann_t*)
                0x0000000140007790                kann_switch(kann_t*, int)
                0x00000001400077f0                kann_new_scalar(unsigned char, float)
                0x0000000140007800                kann_layer_input(int)
                0x0000000140007820                kann_layer_dropout(kad_node_t*, float)
                0x0000000140007830                kann_grad_clip(float, int, float*)
                0x0000000140007b10                kad_new_core(int, int, int)
                0x0000000140007b80                kad_vleaf(unsigned char, float*, float*, int, char*)
                0x0000000140007c00                kad_const(float*, int, ...)
                0x0000000140007c90                kad_feed(int, ...)
                0x0000000140007d10                kad_var(float*, float*, int, ...)
                0x0000000140007da0                kad_finalize_node(kad_node_t*)
                0x0000000140007e30                kad_cmul(kad_node_t*, kad_node_t*)
                0x0000000140007e90                kann_layer_layernorm2(int*, kad_node_t**, kad_node_t*)
                0x0000000140008030                kann_layer_layernorm(kad_node_t*)
                0x0000000140008040                kann_cmul_norm(kad_node_t*, kad_node_t*)
                0x00000001400080b0                cmul_norm2(int*, kad_node_t**, kad_node_t*, kad_node_t*, int)
                0x00000001400081a0                kad_op2_core(int, kad_node_t*, kad_node_t*)
                0x0000000140008210                kad_op1_core(int, kad_node_t*)
                0x0000000140008260                kad_add(kad_node_t*, kad_node_t*)
                0x00000001400082c0                kad_sub(kad_node_t*, kad_node_t*)
                0x0000000140008320                kad_mul(kad_node_t*, kad_node_t*)
                0x0000000140008380                kad_matmul(kad_node_t*, kad_node_t*)
                0x00000001400083e0                kad_ce_multi(kad_node_t*, kad_node_t*)
                0x0000000140008440                kad_ce_bin(kad_node_t*, kad_node_t*)
                0x00000001400084a0                kad_ce_bin_neg(kad_node_t*, kad_node_t*)
                0x0000000140008500                kad_mse(kad_node_t*, kad_node_t*)
                0x0000000140008560                kad_log(kad_node_t*)
                0x00000001400085b0                kad_exp(kad_node_t*)
                0x0000000140008600                kad_sin(kad_node_t*)
                0x0000000140008650                kad_square(kad_node_t*)
                0x00000001400086a0                kad_sigm(kad_node_t*)
                0x00000001400086f0                kad_tanh(kad_node_t*)
                0x0000000140008740                kad_relu(kad_node_t*)
                0x0000000140008790                kad_1minus(kad_node_t*)
                0x00000001400087e0                kad_softmax(kad_node_t*)
                0x0000000140008830                kad_stdnorm(kad_node_t*)
                0x0000000140008880                kad_pooling_general(int, int, kad_node_t**)
                0x0000000140008900                kad_avg(int, kad_node_t**)
                0x0000000140008990                kad_concat_array(int, int, kad_node_t**)
                0x0000000140008a20                kad_concat(int, int, ...)
                0x0000000140008b40                kad_switch(int, kad_node_t**)
                0x0000000140008bd0                kad_mark_back(int, kad_node_t**)
                0x0000000140008c40                kad_allocate_internal(int, kad_node_t**)
                0x0000000140009370                kad_sync_dim(int, kad_node_t**, int)
                0x00000001400096f0                kann_rnn_start(kann_t*)
                0x0000000140009800                kad_compile_array(int*, int, kad_node_t**)
                0x0000000140009cc0                kann_new(kad_node_t*, int, ...)
                0x0000000140009e80                kad_compile(int*, int, ...)
                0x0000000140009ef0                kad_delete(int, kad_node_t**)
                0x0000000140009f70                kad_size_var(int, kad_node_t* const*)
                0x000000014000a000                kad_size_const(int, kad_node_t* const*)
                0x000000014000a0a0                kad_propagate_marks(int, kad_node_t**)
                0x000000014000a170                kad_eval_marked(int, kad_node_t**)
                0x000000014000a200                kad_eval_at(int, kad_node_t**, int)
                0x000000014000a2f0                kann_apply1_to(kann_t*, float*, int, int)
                0x000000014000af50                kann_apply1(kann_t*, float*)
                0x000000014000af60                kad_grad(int, kad_node_t**, int)
                0x000000014000b110                kann_cost_core(kann_t*, int, int)
                0x000000014000b7c0                kann_cost(kann_t*, int, int)
                0x000000014000b7d0                push_nodes(nodes_t*, kad_node_t*)
                0x000000014000b860                kad_n_pivots(int, kad_node_t**)
                0x000000014000b8b0                kad_sdot(int, float const*, float const*)
                0x000000014000bb50                kad_saxpy_inlined(int, float, float const*, float*)
                0x000000014000bd40                kad_vec_mul_sum(int, float*, float const*, float const*)
                0x000000014000bed0                kad_saxpy(int, float, float const*, float*)
                0x000000014000c0c0                kad_sgemm_simple(int, int, int, int, int, float const*, float const*, float*)
                0x000000014000c880                kad_op_cmul(kad_node_t*, int)
                0x000000014000cbd0                kad_splitmix64(unsigned long long)
                0x000000014000cc20                kad_xoroshiro128plus_next(kad_rng_t*)
                0x000000014000cc60                kad_xoroshiro128plus_jump(kad_rng_t*)
                0x000000014000cd00                kad_srand(void*, unsigned long long)
                0x000000014000cda0                kad_rng()
                0x000000014000ce90                kad_dup1(kad_node_t const*)
                0x000000014000cf90                kad_unroll_helper(int, kad_node_t**, int, kad_node_t**, int, nodes_t*)
                0x000000014000d580                kad_unroll(int, kad_node_t**, int*, int*)
                0x000000014000d8c0                kann_unroll_array(kann_t*, int*)
                0x000000014000d920                kann_unroll(kann_t*, ...)
                0x000000014000daf0                kad_rand(void*)
                0x000000014000db40                kad_drand(void*)
                0x000000014000dbb0                kad_drand_normal(void*)
                0x000000014000dd40                kann_new_leaf_array(int*, kad_node_t**, unsigned char, float, int, int*)
                0x000000014000dfe0                kann_new_leaf2(int*, kad_node_t**, unsigned char, float, int, ...)
                0x000000014000e060                kann_new_leaf(unsigned char, float, int, ...)
                0x000000014000e160                kann_new_weight(int, int)
                0x000000014000e190                kann_new_vec(int, float)
                0x000000014000e1b0                kann_new_bias(int)
                0x000000014000e1d0                kann_new_weight_conv2d(int, int, int, int)
                0x000000014000e200                kann_new_weight_conv1d(int, int, int)
                0x000000014000e380                kann_layer_dense2(int*, kad_node_t**, kad_node_t*, int)
                0x000000014000e4d0                kann_layer_dense(kad_node_t*, int)
                0x000000014000e610                kad_copy_dim1(kad_node_t*, kad_node_t const*)
                0x000000014000e640                kad_trap_fe()
                0x000000014000e670                kad_add_delta(int, kad_node_t**, float, float*)
                0x000000014000e950                Adam(int, float, float, float, float, float, float, float*, float*, float*, float*)
                0x000000014000ec90                kanncompr_new_vector(int, int, float const*)
                0x000000014000ef20                kanncompr_new_bias(int, int, float const*)
                0x000000014000ef30                kanncompr_layer_lstm(kad_node_t*, int, unsigned int, unsigned char*, float (*) [2])
                0x000000014000fa70                kanncompr_layer_cost(kad_node_t*, int, float)
                0x000000014000fc60                ann_structure(kanncompr_s)
                0x00000001400101f0                ann_init(kanncompr_s*)
                0x0000000140010550                ann_predict(kanncompr_s*, unsigned int*, unsigned int*)
                0x0000000140010750                ann_train(kanncompr_s*)
                0x0000000140011090                ann_end(kanncompr_s)
                0x00000001400112e0                fput_ui08(_iobuf*, unsigned char)
                0x0000000140011300                fget_ui08(_iobuf*, unsigned char*)
                0x0000000140011330                fput_ui16(_iobuf*, unsigned short)
                0x0000000140011370                fget_ui16(_iobuf*, unsigned short*)
                0x00000001400113c0                fput_ui32(_iobuf*, unsigned int)
                0x0000000140011430                fget_ui32(_iobuf*, unsigned int*)
                0x00000001400114b0                fput_si32(_iobuf*, long)
                0x0000000140011520                fget_si32(_iobuf*, long*)
                0x00000001400115a0                fput_si00(_iobuf*, int)
                0x0000000140011610                fget_si00(_iobuf*, int*)
                0x0000000140011690                fput_fl(_iobuf*, float)
                0x0000000140011700                fget_fl(_iobuf*, float*)
                0x0000000140011780                display_stats(stats_s*, unsigned long long)
 .text          0x0000000140011900       0xe0 C:/mingwF20x/bin/../lib/gcc/x86_64-w64-mingw32/15.2.0/../../../../x86_64-w64-mingw32/lib/../lib/libmingw32.a(lib64_libmingw32_a-gccmain.o)
                0x0000000140011900                __do_global_dtors
                0x000000014001193f                __do_global_ctors
                0x00000001400119b7                __main
 .text          0x00000001400119e0        0x0 C:/mingwF20x/bin/../lib/gcc/x86_64-w64-mingw32/15.2.0/../../../../x86_64-w64-mingw32/lib/../lib/libmingw32.a(lib64_libmingw32_a-natstart.o)
 .text          0x00000001400119e0        0x0 C:/mingwF20x/bin/../lib/gcc/x86_64-w64-mingw32/15.2.0/../../../../x86_64-w64-mingw32/lib/../lib/libmingw32.a(lib64_libmingw32_a-wildcard.o)
 .text          0x00000001400119e0       0x10 C:/mingwF20x/bin/../lib/gcc/x86_64-w64-mingw32/15.2.0/../../../../x86_64-w64-mingw32/lib/../lib/libmingw32.a(lib64_libmingw32_a-dllargv.o)
                0x00000001400119e0                _setargv
 .text          0x00000001400119f0        0x0 C:/mingwF20x/bin/../lib/gcc/x86_64-w64-mingw32/15.2.0/../../../../x86_64-w64-mingw32/lib/../lib/libmingw32.a(lib64_libmingw32_a-_newmode.o)
 .text          0x00000001400119f0      0x100 C:/mingwF20x/bin/../lib/gcc/x86_64-w64-mingw32/15.2.0/../../../../x86_64-w64-mingw32/lib/../lib/libmingw32.a(lib64_libmingw32_a-tlssup.o)
                0x00000001400119f0                __dyn_tls_init
                0x0000000140011a8c                __tlregdtor
                0x0000000140011aa9                __dyn_tls_dtor
 .text          0x0000000140011af0        0x0 C:/mingwF20x/bin/../lib/gcc/x86_64-w64-mingw32/15.2.0/../../../../x86_64-w64-mingw32/lib/../lib/libmingw32.a(lib64_libmingw32_a-xncommod.o)
 .text          0x0000000140011af0        0x0 C:/mingwF20x/bin/../lib/gcc/x86_64-w64-mingw32/15.2.0/../../../../x86_64-w64-mingw32/lib/../lib/libmingw32.a(lib64_libmingw32_a-cinitexe.o)
 .text          0x0000000140011af0      0x130 C:/mingwF20x/bin/../lib/gcc/x86_64-w64-mingw32/15.2.0/../../../../x86_64-w64-mingw32/lib/../lib/libmingw32.a(lib64_libmingw32_a-merr.o)
                0x0000000140011af0                _matherr
 .text          0x0000000140011c20        0x0 C:/mingwF20x/bin/../lib/gcc/x86_64-w64-mingw32/15.2.0/../../../../x86_64-w64-mingw32/lib/../lib/libmingw32.a(lib64_libmingw32_a-xthdloc.o)
 .text          0x0000000140011c20        0x0 C:/mingwF20x/bin/../lib/gcc/x86_64-w64-mingw32/15.2.0/../../../../x86_64-w64-mingw32/lib/../lib/libmingw32.a(lib64_libmingw32_a-mingw_helpers.o)
 .text          0x0000000140011c20      0x890 C:/mingwF20x/bin/../lib/gcc/x86_64-w64-mingw32/15.2.0/../../../../x86_64-w64-mingw32/lib/../lib/libmingw32.a(lib64_libmingw32_a-pseudo-reloc.o)
                0x0000000140012400                _pei386_runtime_relocator
 .text          0x00000001400124b0       0xa0 C:/mingwF20x/bin/../lib/gcc/x86_64-w64-mingw32/15.2.0/../../../../x86_64-w64-mingw32/lib/../lib/libmingw32.a(lib64_libmingw32_a-usermatherr.o)
                0x00000001400124b0                __mingw_raise_matherr
                0x000000014001251a                __mingw_setusermatherr
 .text          0x0000000140012550        0x0 C:/mingwF20x/bin/../lib/gcc/x86_64-w64-mingw32/15.2.0/../../../../x86_64-w64-mingw32/lib/../lib/libmingw32.a(lib64_libmingw32_a-xtxtmode.o)
 .text          0x0000000140012550      0x280 C:/mingwF20x/bin/../lib/gcc/x86_64-w64-mingw32/15.2.0/../../../../x86_64-w64-mingw32/lib/../lib/libmingw32.a(lib64_libmingw32_a-crt_handler.o)
                0x0000000140012550                _gnu_exception_handler
 .text          0x00000001400127d0      0x300 C:/mingwF20x/bin/../lib/gcc/x86_64-w64-mingw32/15.2.0/../../../../x86_64-w64-mingw32/lib/../lib/libmingw32.a(lib64_libmingw32_a-tlsthrd.o)
                0x00000001400127d0                ___w64_mingwthr_add_key_dtor
                0x0000000140012871                ___w64_mingwthr_remove_key_dtor
                0x00000001400129d1                __mingw_TLScallback
 .text          0x0000000140012ad0        0x0 C:/mingwF20x/bin/../lib/gcc/x86_64-w64-mingw32/15.2.0/../../../../x86_64-w64-mingw32/lib/../lib/libmingw32.a(lib64_libmingw32_a-tlsmcrt.o)
 .text          0x0000000140012ad0       0x10 C:/mingwF20x/bin/../lib/gcc/x86_64-w64-mingw32/15.2.0/../../../../x86_64-w64-mingw32/lib/../lib/libmingw32.a(lib64_libmingw32_a-CRT_fp10.o)
                0x0000000140012ad0                fpreset
                0x0000000140012ad0                _fpreset
 .text          0x0000000140012ae0        0x0 C:/mingwF20x/bin/../lib/gcc/x86_64-w64-mingw32/15.2.0/../../../../x86_64-w64-mingw32/lib/../lib/libmingw32.a(lib64_libmingw32_a-pseudo-reloc-list.o)
 .text          0x0000000140012ae0      0x4b0 C:/mingwF20x/bin/../lib/gcc/x86_64-w64-mingw32/15.2.0/../../../../x86_64-w64-mingw32/lib/../lib/libmingw32.a(lib64_libmingw32_a-pesect.o)
                0x0000000140012ae0                _ValidateImageBase
                0x0000000140012b5c                _FindPESection
                0x0000000140012bf5                _FindPESectionByName
                0x0000000140012cbb                __mingw_GetSectionForAddress
                0x0000000140012d0b                __mingw_GetSectionCount
                0x0000000140012d5b                _FindPESectionExec
                0x0000000140012e07                _GetPEImageBase
                0x0000000140012e3b                _IsNonwritableInCurrentImage
                0x0000000140012eac                __mingw_enum_import_library_names
 .text          0x0000000140012f90       0x40 C:/mingwF20x/bin/../lib/gcc/x86_64-w64-mingw32/15.2.0/libgcc.a(_chkstk_ms.o)
                0x0000000140012f90                ___chkstk_ms
 .text          0x0000000140012fd0        0x0 C:/mingwF20x/bin/../lib/gcc/x86_64-w64-mingw32/15.2.0/libgcc.a(_ctors.o)
 .text          0x0000000140012fd0        0x0 C:/mingwF20x/bin/../lib/gcc/x86_64-w64-mingw32/15.2.0/../../../../x86_64-w64-mingw32/lib/../lib/libmingwex.a(lib64_libmingwex_a-mingw_matherr.o)
 .text          0x0000000140012fd0       0x80 C:/mingwF20x/bin/../lib/gcc/x86_64-w64-mingw32/15.2.0/../../../../x86_64-w64-mingw32/lib/../lib/libmingwex.a(lib64_libmingwex_a-mingw_printf.o)
                0x0000000140012fd0                __mingw_printf
 .text          0x0000000140013050     0x2c00 C:/mingwF20x/bin/../lib/gcc/x86_64-w64-mingw32/15.2.0/../../../../x86_64-w64-mingw32/lib/../lib/libmingwex.a(lib64_libmingwex_a-mingw_pformat.o)
                0x0000000140014fcb                __mingw_pformat
 .text          0x0000000140015c50      0x390 C:/mingwF20x/bin/../lib/gcc/x86_64-w64-mingw32/15.2.0/../../../../x86_64-w64-mingw32/lib/../lib/libmingwex.a(lib64_libmingwex_a-dmisc.o)
                0x0000000140015c50                __rv_alloc_D2A
                0x0000000140015ca2                __nrv_alloc_D2A
                0x0000000140015d0f                __freedtoa
                0x0000000140015d5e                __quorem_D2A
 .text          0x0000000140015fe0     0x16b0 C:/mingwF20x/bin/../lib/gcc/x86_64-w64-mingw32/15.2.0/../../../../x86_64-w64-mingw32/lib/../lib/libmingwex.a(lib64_libmingwex_a-gdtoa.o)
                0x000000014001611a                __gdtoa
 .text          0x0000000140017690      0x220 C:/mingwF20x/bin/../lib/gcc/x86_64-w64-mingw32/15.2.0/../../../../x86_64-w64-mingw32/lib/../lib/libmingwex.a(lib64_libmingwex_a-gmisc.o)
                0x00000001400176c5                __rshift_D2A
                0x0000000140017821                __trailz_D2A
 .text          0x00000001400178b0     0x1120 C:/mingwF20x/bin/../lib/gcc/x86_64-w64-mingw32/15.2.0/../../../../x86_64-w64-mingw32/lib/../lib/libmingwex.a(lib64_libmingwex_a-misc.o)
                0x0000000140017add                __Balloc_D2A
                0x0000000140017c1e                __Bfree_D2A
                0x0000000140017ca9                __multadd_D2A
                0x0000000140017dd7                __i2b_D2A
                0x0000000140017e1d                __mult_D2A
                0x0000000140018043                __pow5mult_D2A
                0x0000000140018200                __lshift_D2A
                0x000000014001838d                __cmp_D2A
                0x000000014001845d                __diff_D2A
                0x0000000140018656                __b2d_D2A
                0x00000001400187dc                __d2b_D2A
                0x000000014001898c                __strcp_D2A
 .text          0x00000001400189d0       0x80 C:/mingwF20x/bin/../lib/gcc/x86_64-w64-mingw32/15.2.0/../../../../x86_64-w64-mingw32/lib/../lib/libmingwex.a(lib64_libmingwex_a-fpclassify.o)
                0x00000001400189d0                __fpclassify
 .text          0x0000000140018a50       0x90 C:/mingwF20x/bin/../lib/gcc/x86_64-w64-mingw32/15.2.0/../../../../x86_64-w64-mingw32/lib/../lib/libmingwex.a(lib64_libmingwex_a-fpclassifyl.o)
                0x0000000140018a50                __fpclassifyl
 .text          0x0000000140018ae0       0x60 C:/mingwF20x/bin/../lib/gcc/x86_64-w64-mingw32/15.2.0/../../../../x86_64-w64-mingw32/lib/../lib/libmingwex.a(lib64_libmingwex_a-isnan.o)
                0x0000000140018ae0                isnan
                0x0000000140018ae0                __isnan
 .text          0x0000000140018b40       0x70 C:/mingwF20x/bin/../lib/gcc/x86_64-w64-mingw32/15.2.0/../../../../x86_64-w64-mingw32/lib/../lib/libmingwex.a(lib64_libmingwex_a-isnanl.o)
                0x0000000140018b40                isnanl
                0x0000000140018b40                __isnanl
 .text          0x0000000140018bb0       0x50 C:/mingwF20x/bin/../lib/gcc/x86_64-w64-mingw32/15.2.0/../../../../x86_64-w64-mingw32/lib/../lib/libmsvcrt.a(lib64_libmsvcrt_extra_a-wcsnlen.o)
                0x0000000140018bb0                wcsnlen
 .text          0x0000000140018c00      0x290 C:/mingwF20x/bin/../lib/gcc/x86_64-w64-mingw32/15.2.0/../../../../x86_64-w64-mingw32/lib/../lib/libmsvcrt.a(lib64_libmsvcrt_extra_a-wcrtomb.o)
                0x0000000140018cc0                wcrtomb
                0x0000000140018d1f                wcsrtombs
 .text          0x0000000140018e90       0x50 C:/mingwF20x/bin/../lib/gcc/x86_64-w64-mingw32/15.2.0/../../../../x86_64-w64-mingw32/lib/../lib/libmsvcrt.a(lib64_libmsvcrt_extra_a-strnlen.o)
                0x0000000140018e90                strnlen
 .text          0x0000000140018ee0      0x420 C:/mingwF20x/bin/../lib/gcc/x86_64-w64-mingw32/15.2.0/../../../../x86_64-w64-mingw32/lib/../lib/libmsvcrt.a(lib64_libmsvcrt_extra_a-mbrtowc.o)
                0x00000001400190ae                mbrtowc
                0x0000000140019134                mbsrtowcs
                0x0000000140019289                mbrlen
 .text          0x0000000140019300       0x60 C:/mingwF20x/bin/../lib/gcc/x86_64-w64-mingw32/15.2.0/../../../../x86_64-w64-mingw32/lib/../lib/libmsvcrt.a(lib64_libmsvcrt_extra_a-_initterm_e.o)
                0x0000000140019300                _initterm_e
 .text          0x0000000140019360       0x10 C:/mingwF20x/bin/../lib/gcc/x86_64-w64-mingw32/15.2.0/../../../../x86_64-w64-mingw32/lib/../lib/libmsvcrt.a(lib64_libmsvcrt_extra_a-__p__fmode.o)
                0x0000000140019360                __p__fmode
 .text          0x0000000140019370       0x10 C:/mingwF20x/bin/../lib/gcc/x86_64-w64-mingw32/15.2.0/../../../../x86_64-w64-mingw32/lib/../lib/libmsvcrt.a(lib64_libmsvcrt_extra_a-__p__commode.o)
                0x0000000140019370                __p__commode
 .text          0x0000000140019380       0x10 C:/mingwF20x/bin/../lib/gcc/x86_64-w64-mingw32/15.2.0/../../../../x86_64-w64-mingw32/lib/../lib/libmsvcrt.a(lib64_libmsvcrt_extra_a-__p___initenv.o)
                0x0000000140019380                __p___initenv
 .text          0x0000000140019390      0x120 C:/mingwF20x/bin/../lib/gcc/x86_64-w64-mingw32/15.2.0/../../../../x86_64-w64-mingw32/lib/../lib/libmsvcrt.a(lib64_libmsvcrt_extra_a-mingw_lock.o)
                0x0000000140019390                _lock_file
                0x000000014001941a                _unlock_file
 .text          0x00000001400194b0       0x40 C:/mingwF20x/bin/../lib/gcc/x86_64-w64-mingw32/15.2.0/../../../../x86_64-w64-mingw32/lib/../lib/libmsvcrt.a(lib64_libmsvcrt_extra_a-invalid_parameter_handler.o)
                0x00000001400194b0                _set_invalid_parameter_handler
                0x00000001400194e3                _get_invalid_parameter_handler
 .text          0x00000001400194f0       0x20 C:/mingwF20x/bin/../lib/gcc/x86_64-w64-mingw32/15.2.0/../../../../x86_64-w64-mingw32/lib/../lib/libmsvcrt.a(lib64_libmsvcrt_extra_a-_configthreadlocale.o)
                0x00000001400194f0                _configthreadlocale
 .text          0x0000000140019510      0x120 C:/mingwF20x/bin/../lib/gcc/x86_64-w64-mingw32/15.2.0/../../../../x86_64-w64-mingw32/lib/../lib/libmsvcrt.a(lib64_libmsvcrt_common_a-log.o)
                0x0000000140019510                log
 .text          0x0000000140019630      0x230 C:/mingwF20x/bin/../lib/gcc/x86_64-w64-mingw32/15.2.0/../../../../x86_64-w64-mingw32/lib/../lib/libmsvcrt.a(lib64_libmsvcrt_common_a-exp.o)
                0x00000001400196bd                exp
 .text          0x0000000140019860      0x170 C:/mingwF20x/bin/../lib/gcc/x86_64-w64-mingw32/15.2.0/../../../../x86_64-w64-mingw32/lib/../lib/libmsvcrt.a(lib64_libmsvcrt_common_a-sqrtf.o)
                0x0000000140019860                sqrtf
 .text          0x00000001400199d0      0x160 C:/mingwF20x/bin/../lib/gcc/x86_64-w64-mingw32/15.2.0/../../../../x86_64-w64-mingw32/lib/../lib/libmsvcrt.a(lib64_libmsvcrt_common_a-sqrt.o)
                0x00000001400199d0                sqrt
 .text          0x0000000140019b30       0x30 C:/mingwF20x/bin/../lib/gcc/x86_64-w64-mingw32/15.2.0/../../../../x86_64-w64-mingw32/lib/../lib/libmsvcrt.a(lib64_libmsvcrt_common_a-logf.o)
                0x0000000140019b30                logf
 .text          0x0000000140019b60       0x30 C:/mingwF20x/bin/../lib/gcc/x86_64-w64-mingw32/15.2.0/../../../../x86_64-w64-mingw32/lib/../lib/libmsvcrt.a(lib64_libmsvcrt_common_a-acrt_iob_func.o)
                0x0000000140019b60                __acrt_iob_func
 .text          0x0000000140019b90        0x8 C:/mingwF20x/bin/../lib/gcc/x86_64-w64-mingw32/15.2.0/../../../../x86_64-w64-mingw32/lib/../lib/libmsvcrt.a(libmsvcrt_defs00089.o)
                0x0000000140019b90                __C_specific_handler
 .text          0x0000000140019b98        0x8 C:/mingwF20x/bin/../lib/gcc/x86_64-w64-mingw32/15.2.0/../../../../x86_64-w64-mingw32/lib/../lib/libmsvcrt.a(libmsvcrt_defs00109.o)
                0x0000000140019b98                ___lc_codepage_func
 .text          0x0000000140019ba0        0x8 C:/mingwF20x/bin/../lib/gcc/x86_64-w64-mingw32/15.2.0/../../../../x86_64-w64-mingw32/lib/../lib/libmsvcrt.a(libmsvcrt_defs00112.o)
                0x0000000140019ba0                ___mb_cur_max_func
 .text          0x0000000140019ba8        0x8 C:/mingwF20x/bin/../lib/gcc/x86_64-w64-mingw32/15.2.0/../../../../x86_64-w64-mingw32/lib/../lib/libmsvcrt.a(libmsvcrt_defs00127.o)
                0x0000000140019ba8                __getmainargs
 .text          0x0000000140019bb0        0x0 C:/mingwF20x/bin/../lib/gcc/x86_64-w64-mingw32/15.2.0/../../../../x86_64-w64-mingw32/lib/../lib/libmsvcrt.a(libmsvcrt_defs00128.o)
 .text          0x0000000140019bb0        0x8 C:/mingwF20x/bin/../lib/gcc/x86_64-w64-mingw32/15.2.0/../../../../x86_64-w64-mingw32/lib/../lib/libmsvcrt.a(libmsvcrt_defs00129.o)
                0x0000000140019bb0                __iob_func
 .text          0x0000000140019bb8        0x8 C:/mingwF20x/bin/../lib/gcc/x86_64-w64-mingw32/15.2.0/../../../../x86_64-w64-mingw32/lib/../lib/libmsvcrt.a(libmsvcrt_defs00146.o)
                0x0000000140019bb8                __set_app_type
 .text          0x0000000140019bc0        0x8 C:/mingwF20x/bin/../lib/gcc/x86_64-w64-mingw32/15.2.0/../../../../x86_64-w64-mingw32/lib/../lib/libmsvcrt.a(libmsvcrt_defs00148.o)
                0x0000000140019bc0                __setusermatherr
 .text          0x0000000140019bc8        0x8 C:/mingwF20x/bin/../lib/gcc/x86_64-w64-mingw32/15.2.0/../../../../x86_64-w64-mingw32/lib/../lib/libmsvcrt.a(libmsvcrt_defs00181.o)
                0x0000000140019bc8                _amsg_exit
 .text          0x0000000140019bd0        0x8 C:/mingwF20x/bin/../lib/gcc/x86_64-w64-mingw32/15.2.0/../../../../x86_64-w64-mingw32/lib/../lib/libmsvcrt.a(libmsvcrt_defs00202.o)
                0x0000000140019bd0                _cexit
 .text          0x0000000140019bd8        0x0 C:/mingwF20x/bin/../lib/gcc/x86_64-w64-mingw32/15.2.0/../../../../x86_64-w64-mingw32/lib/../lib/libmsvcrt.a(libmsvcrt_defs00221.o)
 .text          0x0000000140019bd8        0x8 C:/mingwF20x/bin/../lib/gcc/x86_64-w64-mingw32/15.2.0/../../../../x86_64-w64-mingw32/lib/../lib/libmsvcrt.a(libmsvcrt_defs00270.o)
                0x0000000140019bd8                _errno
 .text          0x0000000140019be0        0x0 C:/mingwF20x/bin/../lib/gcc/x86_64-w64-mingw32/15.2.0/../../../../x86_64-w64-mingw32/lib/../lib/libmsvcrt.a(libmsvcrt_defs00322.o)
 .text          0x0000000140019be0        0x8 C:/mingwF20x/bin/../lib/gcc/x86_64-w64-mingw32/15.2.0/../../../../x86_64-w64-mingw32/lib/../lib/libmsvcrt.a(libmsvcrt_defs00414.o)
                0x0000000140019be0                _initterm
 .text          0x0000000140019be8        0x8 C:/mingwF20x/bin/../lib/gcc/x86_64-w64-mingw32/15.2.0/../../../../x86_64-w64-mingw32/lib/../lib/libmsvcrt.a(libmsvcrt_defs00525.o)
                0x0000000140019be8                _lock
 .text          0x0000000140019bf0        0x8 C:/mingwF20x/bin/../lib/gcc/x86_64-w64-mingw32/15.2.0/../../../../x86_64-w64-mingw32/lib/../lib/libmsvcrt.a(libmsvcrt_defs00917.o)
                0x0000000140019bf0                _unlock
 .text          0x0000000140019bf8        0x8 C:/mingwF20x/bin/../lib/gcc/x86_64-w64-mingw32/15.2.0/../../../../x86_64-w64-mingw32/lib/../lib/libmsvcrt.a(libmsvcrt_defs01144.o)
                0x0000000140019bf8                abort
 .text          0x0000000140019c00        0x8 C:/mingwF20x/bin/../lib/gcc/x86_64-w64-mingw32/15.2.0/../../../../x86_64-w64-mingw32/lib/../lib/libmsvcrt.a(libmsvcrt_defs01156.o)
                0x0000000140019c00                _crt_atexit
 .text          0x0000000140019c08        0x8 C:/mingwF20x/bin/../lib/gcc/x86_64-w64-mingw32/15.2.0/../../../../x86_64-w64-mingw32/lib/../lib/libmsvcrt.a(libmsvcrt_defs01163.o)
                0x0000000140019c08                calloc
 .text          0x0000000140019c10        0x8 C:/mingwF20x/bin/../lib/gcc/x86_64-w64-mingw32/15.2.0/../../../../x86_64-w64-mingw32/lib/../lib/libmsvcrt.a(libmsvcrt_defs01177.o)
                0x0000000140019c10                exit
 .text          0x0000000140019c18        0x8 C:/mingwF20x/bin/../lib/gcc/x86_64-w64-mingw32/15.2.0/../../../../x86_64-w64-mingw32/lib/../lib/libmsvcrt.a(libmsvcrt_defs01181.o)
                0x0000000140019c18                fclose
 .text          0x0000000140019c20        0x8 C:/mingwF20x/bin/../lib/gcc/x86_64-w64-mingw32/15.2.0/../../../../x86_64-w64-mingw32/lib/../lib/libmsvcrt.a(libmsvcrt_defs01185.o)
                0x0000000140019c20                fgetc
 .text          0x0000000140019c28        0x8 C:/mingwF20x/bin/../lib/gcc/x86_64-w64-mingw32/15.2.0/../../../../x86_64-w64-mingw32/lib/../lib/libmsvcrt.a(libmsvcrt_defs01196.o)
                0x0000000140019c28                fopen
 .text          0x0000000140019c30        0x8 C:/mingwF20x/bin/../lib/gcc/x86_64-w64-mingw32/15.2.0/../../../../x86_64-w64-mingw32/lib/../lib/libmsvcrt.a(libmsvcrt_defs01198.o)
                0x0000000140019c30                fprintf
 .text          0x0000000140019c38        0x8 C:/mingwF20x/bin/../lib/gcc/x86_64-w64-mingw32/15.2.0/../../../../x86_64-w64-mingw32/lib/../lib/libmsvcrt.a(libmsvcrt_defs01200.o)
                0x0000000140019c38                fputc
 .text          0x0000000140019c40        0x8 C:/mingwF20x/bin/../lib/gcc/x86_64-w64-mingw32/15.2.0/../../../../x86_64-w64-mingw32/lib/../lib/libmsvcrt.a(libmsvcrt_defs01205.o)
                0x0000000140019c40                free
 .text          0x0000000140019c48        0x8 C:/mingwF20x/bin/../lib/gcc/x86_64-w64-mingw32/15.2.0/../../../../x86_64-w64-mingw32/lib/../lib/libmsvcrt.a(libmsvcrt_defs01213.o)
                0x0000000140019c48                fseek
 .text          0x0000000140019c50        0x8 C:/mingwF20x/bin/../lib/gcc/x86_64-w64-mingw32/15.2.0/../../../../x86_64-w64-mingw32/lib/../lib/libmsvcrt.a(libmsvcrt_defs01216.o)
                0x0000000140019c50                ftell
 .text          0x0000000140019c58        0x8 C:/mingwF20x/bin/../lib/gcc/x86_64-w64-mingw32/15.2.0/../../../../x86_64-w64-mingw32/lib/../lib/libmsvcrt.a(libmsvcrt_defs01223.o)
                0x0000000140019c58                getc
 .text          0x0000000140019c60        0x8 C:/mingwF20x/bin/../lib/gcc/x86_64-w64-mingw32/15.2.0/../../../../x86_64-w64-mingw32/lib/../lib/libmsvcrt.a(libmsvcrt_defs01261.o)
                0x0000000140019c60                localeconv
 .text          0x0000000140019c68        0x8 C:/mingwF20x/bin/../lib/gcc/x86_64-w64-mingw32/15.2.0/../../../../x86_64-w64-mingw32/lib/../lib/libmsvcrt.a(libmsvcrt_defs01270.o)
                0x0000000140019c68                malloc
 .text          0x0000000140019c70        0x8 C:/mingwF20x/bin/../lib/gcc/x86_64-w64-mingw32/15.2.0/../../../../x86_64-w64-mingw32/lib/../lib/libmsvcrt.a(libmsvcrt_defs01279.o)
                0x0000000140019c70                memcpy
 .text          0x0000000140019c78        0x8 C:/mingwF20x/bin/../lib/gcc/x86_64-w64-mingw32/15.2.0/../../../../x86_64-w64-mingw32/lib/../lib/libmsvcrt.a(libmsvcrt_defs01281.o)
                0x0000000140019c78                memset
 .text          0x0000000140019c80        0x8 C:/mingwF20x/bin/../lib/gcc/x86_64-w64-mingw32/15.2.0/../../../../x86_64-w64-mingw32/lib/../lib/libmsvcrt.a(libmsvcrt_defs01289.o)
                0x0000000140019c80                putc
 .text          0x0000000140019c88        0x8 C:/mingwF20x/bin/../lib/gcc/x86_64-w64-mingw32/15.2.0/../../../../x86_64-w64-mingw32/lib/../lib/libmsvcrt.a(libmsvcrt_defs01300.o)
                0x0000000140019c88                realloc
 .text          0x0000000140019c90        0x8 C:/mingwF20x/bin/../lib/gcc/x86_64-w64-mingw32/15.2.0/../../../../x86_64-w64-mingw32/lib/../lib/libmsvcrt.a(libmsvcrt_defs01312.o)
                0x0000000140019c90                signal
 .text          0x0000000140019c98        0x8 C:/mingwF20x/bin/../lib/gcc/x86_64-w64-mingw32/15.2.0/../../../../x86_64-w64-mingw32/lib/../lib/libmsvcrt.a(libmsvcrt_defs01330.o)
                0x0000000140019c98                strerror
 .text          0x0000000140019ca0        0x8 C:/mingwF20x/bin/../lib/gcc/x86_64-w64-mingw32/15.2.0/../../../../x86_64-w64-mingw32/lib/../lib/libmsvcrt.a(libmsvcrt_defs01332.o)
                0x0000000140019ca0                strlen
 .text          0x0000000140019ca8        0x8 C:/mingwF20x/bin/../lib/gcc/x86_64-w64-mingw32/15.2.0/../../../../x86_64-w64-mingw32/lib/../lib/libmsvcrt.a(libmsvcrt_defs01335.o)
                0x0000000140019ca8                strncmp
 .text          0x0000000140019cb0        0x8 C:/mingwF20x/bin/../lib/gcc/x86_64-w64-mingw32/15.2.0/../../../../x86_64-w64-mingw32/lib/../lib/libmsvcrt.a(libmsvcrt_defs01373.o)
                0x0000000140019cb0                vfprintf
 .text          0x0000000140019cb8        0x8 C:/mingwF20x/bin/../lib/gcc/x86_64-w64-mingw32/15.2.0/../../../../x86_64-w64-mingw32/lib/../lib/libmsvcrt.a(libmsvcrt_defs01394.o)
                0x0000000140019cb8                wcslen
 .text          0x0000000140019cc0        0x0 C:/mingwF20x/bin/../lib/gcc/x86_64-w64-mingw32/15.2.0/../../../../x86_64-w64-mingw32/lib/../lib/libmsvcrt.a(libmsvcrt_defh.o)
 .text          0x0000000140019cc0        0x0 C:/mingwF20x/bin/../lib/gcc/x86_64-w64-mingw32/15.2.0/../../../../x86_64-w64-mingw32/lib/../lib/libmsvcrt.a(libmsvcrt_deft.o)
 .text          0x0000000140019cc0        0x8 C:/mingwF20x/bin/../lib/gcc/x86_64-w64-mingw32/15.2.0/../../../../x86_64-w64-mingw32/lib/../lib/libkernel32.a(libkernel32s01588.o)
                0x0000000140019cc0                WideCharToMultiByte
 .text          0x0000000140019cc8        0x8 C:/mingwF20x/bin/../lib/gcc/x86_64-w64-mingw32/15.2.0/../../../../x86_64-w64-mingw32/lib/../lib/libkernel32.a(libkernel32s01535.o)
                0x0000000140019cc8                VirtualQuery
 .text          0x0000000140019cd0        0x8 C:/mingwF20x/bin/../lib/gcc/x86_64-w64-mingw32/15.2.0/../../../../x86_64-w64-mingw32/lib/../lib/libkernel32.a(libkernel32s01533.o)
                0x0000000140019cd0                VirtualProtect
 .text          0x0000000140019cd8        0x8 C:/mingwF20x/bin/../lib/gcc/x86_64-w64-mingw32/15.2.0/../../../../x86_64-w64-mingw32/lib/../lib/libkernel32.a(libkernel32s01485.o)
                0x0000000140019cd8                TlsGetValue
 .text          0x0000000140019ce0        0x8 C:/mingwF20x/bin/../lib/gcc/x86_64-w64-mingw32/15.2.0/../../../../x86_64-w64-mingw32/lib/../lib/libkernel32.a(libkernel32s01449.o)
                0x0000000140019ce0                Sleep
 .text          0x0000000140019ce8        0x8 C:/mingwF20x/bin/../lib/gcc/x86_64-w64-mingw32/15.2.0/../../../../x86_64-w64-mingw32/lib/../lib/libkernel32.a(libkernel32s01433.o)
                0x0000000140019ce8                SetUnhandledExceptionFilter
 .text          0x0000000140019cf0        0x8 C:/mingwF20x/bin/../lib/gcc/x86_64-w64-mingw32/15.2.0/../../../../x86_64-w64-mingw32/lib/../lib/libkernel32.a(libkernel32s01064.o)
                0x0000000140019cf0                MultiByteToWideChar
 .text          0x0000000140019cf8        0x8 C:/mingwF20x/bin/../lib/gcc/x86_64-w64-mingw32/15.2.0/../../../../x86_64-w64-mingw32/lib/../lib/libkernel32.a(libkernel32s01016.o)
                0x0000000140019cf8                LoadLibraryA
 .text          0x0000000140019d00        0x8 C:/mingwF20x/bin/../lib/gcc/x86_64-w64-mingw32/15.2.0/../../../../x86_64-w64-mingw32/lib/../lib/libkernel32.a(libkernel32s01012.o)
                0x0000000140019d00                LeaveCriticalSection
 .text          0x0000000140019d08        0x8 C:/mingwF20x/bin/../lib/gcc/x86_64-w64-mingw32/15.2.0/../../../../x86_64-w64-mingw32/lib/../lib/libkernel32.a(libkernel32s00945.o)
                0x0000000140019d08                IsDBCSLeadByteEx
 .text          0x0000000140019d10        0x8 C:/mingwF20x/bin/../lib/gcc/x86_64-w64-mingw32/15.2.0/../../../../x86_64-w64-mingw32/lib/../lib/libkernel32.a(libkernel32s00918.o)
                0x0000000140019d10                InitializeCriticalSection
 .text          0x0000000140019d18        0x8 C:/mingwF20x/bin/../lib/gcc/x86_64-w64-mingw32/15.2.0/../../../../x86_64-w64-mingw32/lib/../lib/libkernel32.a(libkernel32s00730.o)
                0x0000000140019d18                GetProcAddress
 .text          0x0000000140019d20        0x8 C:/mingwF20x/bin/../lib/gcc/x86_64-w64-mingw32/15.2.0/../../../../x86_64-w64-mingw32/lib/../lib/libkernel32.a(libkernel32s00670.o)
                0x0000000140019d20                GetModuleHandleA
 .text          0x0000000140019d28        0x8 C:/mingwF20x/bin/../lib/gcc/x86_64-w64-mingw32/15.2.0/../../../../x86_64-w64-mingw32/lib/../lib/libkernel32.a(libkernel32s00648.o)
                0x0000000140019d28                GetLastError
 .text          0x0000000140019d30        0x8 C:/mingwF20x/bin/../lib/gcc/x86_64-w64-mingw32/15.2.0/../../../../x86_64-w64-mingw32/lib/../lib/libkernel32.a(libkernel32s00458.o)
                0x0000000140019d30                FreeLibrary
 .text          0x0000000140019d38        0x8 C:/mingwF20x/bin/../lib/gcc/x86_64-w64-mingw32/15.2.0/../../../../x86_64-w64-mingw32/lib/../lib/libkernel32.a(libkernel32s00333.o)
                0x0000000140019d38                EnterCriticalSection
 .text          0x0000000140019d40        0x8 C:/mingwF20x/bin/../lib/gcc/x86_64-w64-mingw32/15.2.0/../../../../x86_64-w64-mingw32/lib/../lib/libkernel32.a(libkernel32s00295.o)
                0x0000000140019d40                DeleteCriticalSection
 *fill*         0x0000000140019d48        0x8 
 .text          0x0000000140019d50        0x0 C:/mingwF20x/bin/../lib/gcc/x86_64-w64-mingw32/15.2.0/../../../../x86_64-w64-mingw32/lib/../lib/libkernel32.a(libkernel32h.o)
 .text          0x0000000140019d50        0x0 C:/mingwF20x/bin/../lib/gcc/x86_64-w64-mingw32/15.2.0/../../../../x86_64-w64-mingw32/lib/../lib/libkernel32.a(libkernel32t.o)
 .text          0x0000000140019d50       0x70 C:/mingwF20x/bin/../lib/gcc/x86_64-w64-mingw32/15.2.0/../../../../x86_64-w64-mingw32/lib/../lib/libmingwex.a(lib64_libmingwex_a-fpclassifyf.o)
                0x0000000140019d50                __fpclassifyf
 .text          0x0000000140019dc0       0x30 C:/mingwF20x/bin/../lib/gcc/x86_64-w64-mingw32/15.2.0/../../../../x86_64-w64-mingw32/lib/../lib/libmingwex.a(lib64_libmingwex_a-signbit.o)
                0x0000000140019dc0                signbit
                0x0000000140019dc0                __signbit
 .text          0x0000000140019df0       0x30 C:/mingwF20x/bin/../lib/gcc/x86_64-w64-mingw32/15.2.0/../../../../x86_64-w64-mingw32/lib/../lib/libmingwex.a(lib64_libmingwex_a-signbitf.o)
                0x0000000140019df0                signbitf
                0x0000000140019df0                __signbitf
 .text          0x0000000140019e20       0x60 C:/mingwF20x/bin/../lib/gcc/x86_64-w64-mingw32/15.2.0/../../../../x86_64-w64-mingw32/lib/../lib/libmingwex.a(lib64_libmingwex_a-internal_logl.o)
                0x0000000140019e30                __logl_internal
 .text          0x0000000140019e80        0x0 C:/mingwF20x/bin/../lib/gcc/x86_64-w64-mingw32/15.2.0/crtfastmath.o
 .text          0x0000000140019e80        0x0 C:/mingwF20x/bin/../lib/gcc/x86_64-w64-mingw32/15.2.0/crtend.o
 *(SORT_BY_NAME(.text$*))
 *(.text.*)
 .text.unlikely
                0x0000000140019e80       0x10 C:\Users\Shelwien\AppData\Local\Temp\ccgwjwDB.o
 *fill*         0x0000000140019e90       0x10 
 .text.startup  0x0000000140019ea0     0x1380 C:\Users\Shelwien\AppData\Local\Temp\ccgwjwDB.o
                0x0000000140019ea0                main
 .text.startup  0x000000014001b220       0x20 C:/mingwF20x/bin/../lib/gcc/x86_64-w64-mingw32/15.2.0/crtfastmath.o
 .text.startup  0x000000014001b240       0x10 C:/mingwF20x/bin/../lib/gcc/x86_64-w64-mingw32/15.2.0/crtend.o
 *(.gnu.linkonce.t.*)
 *(.glue_7t)
 *(.glue_7)
                0x000000014001b250                . = ALIGN (0x8)
 *(SORT_NONE(.fini))
 *(.gcc_exc)
                [!provide]                        PROVIDE (etext = .)
 *(.gcc_except_table)

.data           0x000000014001c000      0x400
                0x000000014001c000                __data_start__ = .
 *(.data)
 .data          0x000000014001c000        0x0 C:/mingwF20x/bin/../lib/gcc/x86_64-w64-mingw32/15.2.0/../../../../x86_64-w64-mingw32/lib/../lib/crt2.o
 .data          0x000000014001c000       0x10 C:/mingwF20x/bin/../lib/gcc/x86_64-w64-mingw32/15.2.0/crtbegin.o
 *fill*         0x000000014001c010       0x10 
 .data          0x000000014001c020      0x260 C:\Users\Shelwien\AppData\Local\Temp\ccgwjwDB.o
                0x000000014001c020                vers
                0x000000014001c060                kad_op_list
                0x000000014001c260                kad_rng_dat
 .data          0x000000014001c280       0x10 C:/mingwF20x/bin/../lib/gcc/x86_64-w64-mingw32/15.2.0/../../../../x86_64-w64-mingw32/lib/../lib/libmingw32.a(lib64_libmingw32_a-gccmain.o)
 .data          0x000000014001c290       0x10 C:/mingwF20x/bin/../lib/gcc/x86_64-w64-mingw32/15.2.0/../../../../x86_64-w64-mingw32/lib/../lib/libmingw32.a(lib64_libmingw32_a-natstart.o)
                0x000000014001c290                __native_dllmain_reason
                0x000000014001c294                __native_vcclrit_reason
 .data          0x000000014001c2a0       0x10 C:/mingwF20x/bin/../lib/gcc/x86_64-w64-mingw32/15.2.0/../../../../x86_64-w64-mingw32/lib/../lib/libmingw32.a(lib64_libmingw32_a-wildcard.o)
                0x000000014001c2a0                _dowildcard
 .data          0x000000014001c2b0        0x0 C:/mingwF20x/bin/../lib/gcc/x86_64-w64-mingw32/15.2.0/../../../../x86_64-w64-mingw32/lib/../lib/libmingw32.a(lib64_libmingw32_a-dllargv.o)
 .data          0x000000014001c2b0        0x0 C:/mingwF20x/bin/../lib/gcc/x86_64-w64-mingw32/15.2.0/../../../../x86_64-w64-mingw32/lib/../lib/libmingw32.a(lib64_libmingw32_a-_newmode.o)
 .data          0x000000014001c2b0        0x0 C:/mingwF20x/bin/../lib/gcc/x86_64-w64-mingw32/15.2.0/../../../../x86_64-w64-mingw32/lib/../lib/libmingw32.a(lib64_libmingw32_a-tlssup.o)
 .data          0x000000014001c2b0        0x0 C:/mingwF20x/bin/../lib/gcc/x86_64-w64-mingw32/15.2.0/../../../../x86_64-w64-mingw32/lib/../lib/libmingw32.a(lib64_libmingw32_a-xncommod.o)
 .data          0x000000014001c2b0        0x0 C:/mingwF20x/bin/../lib/gcc/x86_64-w64-mingw32/15.2.0/../../../../x86_64-w64-mingw32/lib/../lib/libmingw32.a(lib64_libmingw32_a-cinitexe.o)
 .data          0x000000014001c2b0        0x0 C:/mingwF20x/bin/../lib/gcc/x86_64-w64-mingw32/15.2.0/../../../../x86_64-w64-mingw32/lib/../lib/libmingw32.a(lib64_libmingw32_a-merr.o)
 .data          0x000000014001c2b0       0x10 C:/mingwF20x/bin/../lib/gcc/x86_64-w64-mingw32/15.2.0/../../../../x86_64-w64-mingw32/lib/../lib/libmingw32.a(lib64_libmingw32_a-xthdloc.o)
                0x000000014001c2b0                __globallocalestatus
 .data          0x000000014001c2c0        0x0 C:/mingwF20x/bin/../lib/gcc/x86_64-w64-mingw32/15.2.0/../../../../x86_64-w64-mingw32/lib/../lib/libmingw32.a(lib64_libmingw32_a-mingw_helpers.o)
 .data          0x000000014001c2c0        0x0 C:/mingwF20x/bin/../lib/gcc/x86_64-w64-mingw32/15.2.0/../../../../x86_64-w64-mingw32/lib/../lib/libmingw32.a(lib64_libmingw32_a-pseudo-reloc.o)
 .data          0x000000014001c2c0        0x0 C:/mingwF20x/bin/../lib/gcc/x86_64-w64-mingw32/15.2.0/../../../../x86_64-w64-mingw32/lib/../lib/libmingw32.a(lib64_libmingw32_a-usermatherr.o)
 .data          0x000000014001c2c0        0x0 C:/mingwF20x/bin/../lib/gcc/x86_64-w64-mingw32/15.2.0/../../../../x86_64-w64-mingw32/lib/../lib/libmingw32.a(lib64_libmingw32_a-xtxtmode.o)
 .data          0x000000014001c2c0        0x0 C:/mingwF20x/bin/../lib/gcc/x86_64-w64-mingw32/15.2.0/../../../../x86_64-w64-mingw32/lib/../lib/libmingw32.a(lib64_libmingw32_a-crt_handler.o)
 .data          0x000000014001c2c0        0x0 C:/mingwF20x/bin/../lib/gcc/x86_64-w64-mingw32/15.2.0/../../../../x86_64-w64-mingw32/lib/../lib/libmingw32.a(lib64_libmingw32_a-tlsthrd.o)
 .data          0x000000014001c2c0       0x10 C:/mingwF20x/bin/../lib/gcc/x86_64-w64-mingw32/15.2.0/../../../../x86_64-w64-mingw32/lib/../lib/libmingw32.a(lib64_libmingw32_a-tlsmcrt.o)
                0x000000014001c2c0                _CRT_MT
 .data          0x000000014001c2d0        0x0 C:/mingwF20x/bin/../lib/gcc/x86_64-w64-mingw32/15.2.0/../../../../x86_64-w64-mingw32/lib/../lib/libmingw32.a(lib64_libmingw32_a-CRT_fp10.o)
 .data          0x000000014001c2d0        0x0 C:/mingwF20x/bin/../lib/gcc/x86_64-w64-mingw32/15.2.0/../../../../x86_64-w64-mingw32/lib/../lib/libmingw32.a(lib64_libmingw32_a-pseudo-reloc-list.o)
 .data          0x000000014001c2d0        0x0 C:/mingwF20x/bin/../lib/gcc/x86_64-w64-mingw32/15.2.0/../../../../x86_64-w64-mingw32/lib/../lib/libmingw32.a(lib64_libmingw32_a-pesect.o)
 .data          0x000000014001c2d0        0x0 C:/mingwF20x/bin/../lib/gcc/x86_64-w64-mingw32/15.2.0/libgcc.a(_chkstk_ms.o)
 .data          0x000000014001c2d0        0x0 C:/mingwF20x/bin/../lib/gcc/x86_64-w64-mingw32/15.2.0/libgcc.a(_ctors.o)
 .data          0x000000014001c2d0       0x10 C:/mingwF20x/bin/../lib/gcc/x86_64-w64-mingw32/15.2.0/../../../../x86_64-w64-mingw32/lib/../lib/libmingwex.a(lib64_libmingwex_a-mingw_matherr.o)
                0x000000014001c2d0                _MINGW_INSTALL_DEBUG_MATHERR
 .data          0x000000014001c2e0        0x0 C:/mingwF20x/bin/../lib/gcc/x86_64-w64-mingw32/15.2.0/../../../../x86_64-w64-mingw32/lib/../lib/libmingwex.a(lib64_libmingwex_a-mingw_printf.o)
 .data          0x000000014001c2e0       0x20 C:/mingwF20x/bin/../lib/gcc/x86_64-w64-mingw32/15.2.0/../../../../x86_64-w64-mingw32/lib/../lib/libmingwex.a(lib64_libmingwex_a-mingw_pformat.o)
 .data          0x000000014001c300        0x0 C:/mingwF20x/bin/../lib/gcc/x86_64-w64-mingw32/15.2.0/../../../../x86_64-w64-mingw32/lib/../lib/libmingwex.a(lib64_libmingwex_a-dmisc.o)
 .data          0x000000014001c300        0x0 C:/mingwF20x/bin/../lib/gcc/x86_64-w64-mingw32/15.2.0/../../../../x86_64-w64-mingw32/lib/../lib/libmingwex.a(lib64_libmingwex_a-gdtoa.o)
 .data          0x000000014001c300        0x0 C:/mingwF20x/bin/../lib/gcc/x86_64-w64-mingw32/15.2.0/../../../../x86_64-w64-mingw32/lib/../lib/libmingwex.a(lib64_libmingwex_a-gmisc.o)
 .data          0x000000014001c300       0x20 C:/mingwF20x/bin/../lib/gcc/x86_64-w64-mingw32/15.2.0/../../../../x86_64-w64-mingw32/lib/../lib/libmingwex.a(lib64_libmingwex_a-misc.o)
 .data          0x000000014001c320        0x0 C:/mingwF20x/bin/../lib/gcc/x86_64-w64-mingw32/15.2.0/../../../../x86_64-w64-mingw32/lib/../lib/libmingwex.a(lib64_libmingwex_a-fpclassify.o)
 .data          0x000000014001c320        0x0 C:/mingwF20x/bin/../lib/gcc/x86_64-w64-mingw32/15.2.0/../../../../x86_64-w64-mingw32/lib/../lib/libmingwex.a(lib64_libmingwex_a-fpclassifyl.o)
 .data          0x000000014001c320        0x0 C:/mingwF20x/bin/../lib/gcc/x86_64-w64-mingw32/15.2.0/../../../../x86_64-w64-mingw32/lib/../lib/libmingwex.a(lib64_libmingwex_a-isnan.o)
 .data          0x000000014001c320        0x0 C:/mingwF20x/bin/../lib/gcc/x86_64-w64-mingw32/15.2.0/../../../../x86_64-w64-mingw32/lib/../lib/libmingwex.a(lib64_libmingwex_a-isnanl.o)
 .data          0x000000014001c320        0x0 C:/mingwF20x/bin/../lib/gcc/x86_64-w64-mingw32/15.2.0/../../../../x86_64-w64-mingw32/lib/../lib/libmsvcrt.a(lib64_libmsvcrt_extra_a-wcsnlen.o)
 .data          0x000000014001c320        0x0 C:/mingwF20x/bin/../lib/gcc/x86_64-w64-mingw32/15.2.0/../../../../x86_64-w64-mingw32/lib/../lib/libmsvcrt.a(lib64_libmsvcrt_extra_a-wcrtomb.o)
 .data          0x000000014001c320        0x0 C:/mingwF20x/bin/../lib/gcc/x86_64-w64-mingw32/15.2.0/../../../../x86_64-w64-mingw32/lib/../lib/libmsvcrt.a(lib64_libmsvcrt_extra_a-strnlen.o)
 .data          0x000000014001c320        0x0 C:/mingwF20x/bin/../lib/gcc/x86_64-w64-mingw32/15.2.0/../../../../x86_64-w64-mingw32/lib/../lib/libmsvcrt.a(lib64_libmsvcrt_extra_a-mbrtowc.o)
 .data          0x000000014001c320       0x10 C:/mingwF20x/bin/../lib/gcc/x86_64-w64-mingw32/15.2.0/../../../../x86_64-w64-mingw32/lib/../lib/libmsvcrt.a(lib64_libmsvcrt_extra_a-_initterm_e.o)
                0x000000014001c320                __imp__initterm_e
 .data          0x000000014001c330       0x10 C:/mingwF20x/bin/../lib/gcc/x86_64-w64-mingw32/15.2.0/../../../../x86_64-w64-mingw32/lib/../lib/libmsvcrt.a(lib64_libmsvcrt_extra_a-__p__fmode.o)
                0x000000014001c330                __imp___p__fmode
 .data          0x000000014001c340       0x10 C:/mingwF20x/bin/../lib/gcc/x86_64-w64-mingw32/15.2.0/../../../../x86_64-w64-mingw32/lib/../lib/libmsvcrt.a(lib64_libmsvcrt_extra_a-__p__commode.o)
                0x000000014001c340                __imp___p__commode
 .data          0x000000014001c350       0x10 C:/mingwF20x/bin/../lib/gcc/x86_64-w64-mingw32/15.2.0/../../../../x86_64-w64-mingw32/lib/../lib/libmsvcrt.a(lib64_libmsvcrt_extra_a-__p___initenv.o)
                0x000000014001c350                __imp___p___initenv
 .data          0x000000014001c360       0x10 C:/mingwF20x/bin/../lib/gcc/x86_64-w64-mingw32/15.2.0/../../../../x86_64-w64-mingw32/lib/../lib/libmsvcrt.a(lib64_libmsvcrt_extra_a-mingw_lock.o)
                0x000000014001c360                __imp__lock_file
                0x000000014001c368                __imp__unlock_file
 .data          0x000000014001c370       0x10 C:/mingwF20x/bin/../lib/gcc/x86_64-w64-mingw32/15.2.0/../../../../x86_64-w64-mingw32/lib/../lib/libmsvcrt.a(lib64_libmsvcrt_extra_a-invalid_parameter_handler.o)
                0x000000014001c370                __imp__set_invalid_parameter_handler
                0x000000014001c378                __imp__get_invalid_parameter_handler
 .data          0x000000014001c380       0x10 C:/mingwF20x/bin/../lib/gcc/x86_64-w64-mingw32/15.2.0/../../../../x86_64-w64-mingw32/lib/../lib/libmsvcrt.a(lib64_libmsvcrt_extra_a-_configthreadlocale.o)
                0x000000014001c380                __imp__configthreadlocale
 .data          0x000000014001c390        0x0 C:/mingwF20x/bin/../lib/gcc/x86_64-w64-mingw32/15.2.0/../../../../x86_64-w64-mingw32/lib/../lib/libmsvcrt.a(lib64_libmsvcrt_common_a-log.o)
 .data          0x000000014001c390       0x20 C:/mingwF20x/bin/../lib/gcc/x86_64-w64-mingw32/15.2.0/../../../../x86_64-w64-mingw32/lib/../lib/libmsvcrt.a(lib64_libmsvcrt_common_a-exp.o)
 .data          0x000000014001c3b0        0x0 C:/mingwF20x/bin/../lib/gcc/x86_64-w64-mingw32/15.2.0/../../../../x86_64-w64-mingw32/lib/../lib/libmsvcrt.a(lib64_libmsvcrt_common_a-sqrtf.o)
 .data          0x000000014001c3b0        0x0 C:/mingwF20x/bin/../lib/gcc/x86_64-w64-mingw32/15.2.0/../../../../x86_64-w64-mingw32/lib/../lib/libmsvcrt.a(lib64_libmsvcrt_common_a-sqrt.o)
 .data          0x000000014001c3b0        0x0 C:/mingwF20x/bin/../lib/gcc/x86_64-w64-mingw32/15.2.0/../../../../x86_64-w64-mingw32/lib/../lib/libmsvcrt.a(lib64_libmsvcrt_common_a-logf.o)
 .data          0x000000014001c3b0       0x10 C:/mingwF20x/bin/../lib/gcc/x86_64-w64-mingw32/15.2.0/../../../../x86_64-w64-mingw32/lib/../lib/libmsvcrt.a(lib64_libmsvcrt_common_a-acrt_iob_func.o)
                0x000000014001c3b0                __imp___acrt_iob_func
 .data          0x000000014001c3c0        0x0 C:/mingwF20x/bin/../lib/gcc/x86_64-w64-mingw32/15.2.0/../../../../x86_64-w64-mingw32/lib/../lib/libmsvcrt.a(libmsvcrt_defs00089.o)
 .data          0x000000014001c3c0        0x0 C:/mingwF20x/bin/../lib/gcc/x86_64-w64-mingw32/15.2.0/../../../../x86_64-w64-mingw32/lib/../lib/libmsvcrt.a(libmsvcrt_defs00109.o)
 .data          0x000000014001c3c0        0x0 C:/mingwF20x/bin/../lib/gcc/x86_64-w64-mingw32/15.2.0/../../../../x86_64-w64-mingw32/lib/../lib/libmsvcrt.a(libmsvcrt_defs00112.o)
 .data          0x000000014001c3c0        0x0 C:/mingwF20x/bin/../lib/gcc/x86_64-w64-mingw32/15.2.0/../../../../x86_64-w64-mingw32/lib/../lib/libmsvcrt.a(libmsvcrt_defs00127.o)
 .data          0x000000014001c3c0        0x0 C:/mingwF20x/bin/../lib/gcc/x86_64-w64-mingw32/15.2.0/../../../../x86_64-w64-mingw32/lib/../lib/libmsvcrt.a(libmsvcrt_defs00128.o)
 .data          0x000000014001c3c0        0x0 C:/mingwF20x/bin/../lib/gcc/x86_64-w64-mingw32/15.2.0/../../../../x86_64-w64-mingw32/lib/../lib/libmsvcrt.a(libmsvcrt_defs00129.o)
 .data          0x000000014001c3c0        0x0 C:/mingwF20x/bin/../lib/gcc/x86_64-w64-mingw32/15.2.0/../../../../x86_64-w64-mingw32/lib/../lib/libmsvcrt.a(libmsvcrt_defs00146.o)
 .data          0x000000014001c3c0        0x0 C:/mingwF20x/bin/../lib/gcc/x86_64-w64-mingw32/15.2.0/../../../../x86_64-w64-mingw32/lib/../lib/libmsvcrt.a(libmsvcrt_defs00148.o)
 .data          0x000000014001c3c0        0x0 C:/mingwF20x/bin/../lib/gcc/x86_64-w64-mingw32/15.2.0/../../../../x86_64-w64-mingw32/lib/../lib/libmsvcrt.a(libmsvcrt_defs00181.o)
 .data          0x000000014001c3c0        0x0 C:/mingwF20x/bin/../lib/gcc/x86_64-w64-mingw32/15.2.0/../../../../x86_64-w64-mingw32/lib/../lib/libmsvcrt.a(libmsvcrt_defs00202.o)
 .data          0x000000014001c3c0        0x0 C:/mingwF20x/bin/../lib/gcc/x86_64-w64-mingw32/15.2.0/../../../../x86_64-w64-mingw32/lib/../lib/libmsvcrt.a(libmsvcrt_defs00221.o)
 .data          0x000000014001c3c0        0x0 C:/mingwF20x/bin/../lib/gcc/x86_64-w64-mingw32/15.2.0/../../../../x86_64-w64-mingw32/lib/../lib/libmsvcrt.a(libmsvcrt_defs00270.o)
 .data          0x000000014001c3c0        0x0 C:/mingwF20x/bin/../lib/gcc/x86_64-w64-mingw32/15.2.0/../../../../x86_64-w64-mingw32/lib/../lib/libmsvcrt.a(libmsvcrt_defs00322.o)
 .data          0x000000014001c3c0        0x0 C:/mingwF20x/bin/../lib/gcc/x86_64-w64-mingw32/15.2.0/../../../../x86_64-w64-mingw32/lib/../lib/libmsvcrt.a(libmsvcrt_defs00414.o)
 .data          0x000000014001c3c0        0x0 C:/mingwF20x/bin/../lib/gcc/x86_64-w64-mingw32/15.2.0/../../../../x86_64-w64-mingw32/lib/../lib/libmsvcrt.a(libmsvcrt_defs00525.o)
 .data          0x000000014001c3c0        0x0 C:/mingwF20x/bin/../lib/gcc/x86_64-w64-mingw32/15.2.0/../../../../x86_64-w64-mingw32/lib/../lib/libmsvcrt.a(libmsvcrt_defs00917.o)
 .data          0x000000014001c3c0        0x0 C:/mingwF20x/bin/../lib/gcc/x86_64-w64-mingw32/15.2.0/../../../../x86_64-w64-mingw32/lib/../lib/libmsvcrt.a(libmsvcrt_defs01144.o)
 .data          0x000000014001c3c0        0x0 C:/mingwF20x/bin/../lib/gcc/x86_64-w64-mingw32/15.2.0/../../../../x86_64-w64-mingw32/lib/../lib/libmsvcrt.a(libmsvcrt_defs01156.o)
 .data          0x000000014001c3c0        0x0 C:/mingwF20x/bin/../lib/gcc/x86_64-w64-mingw32/15.2.0/../../../../x86_64-w64-mingw32/lib/../lib/libmsvcrt.a(libmsvcrt_defs01163.o)
 .data          0x000000014001c3c0        0x0 C:/mingwF20x/bin/../lib/gcc/x86_64-w64-mingw32/15.2.0/../../../../x86_64-w64-mingw32/lib/../lib/libmsvcrt.a(libmsvcrt_defs01177.o)
 .data          0x000000014001c3c0        0x0 C:/mingwF20x/bin/../lib/gcc/x86_64-w64-mingw32/15.2.0/../../../../x86_64-w64-mingw32/lib/../lib/libmsvcrt.a(libmsvcrt_defs01181.o)
 .data          0x000000014001c3c0        0x0 C:/mingwF20x/bin/../lib/gcc/x86_64-w64-mingw32/15.2.0/../../../../x86_64-w64-mingw32/lib/../lib/libmsvcrt.a(libmsvcrt_defs01185.o)
 .data          0x000000014001c3c0        0x0 C:/mingwF20x/bin/../lib/gcc/x86_64-w64-mingw32/15.2.0/../../../../x86_64-w64-mingw32/lib/../lib/libmsvcrt.a(libmsvcrt_defs01196.o)
 .data          0x000000014001c3c0        0x0 C:/mingwF20x/bin/../lib/gcc/x86_64-w64-mingw32/15.2.0/../../../../x86_64-w64-mingw32/lib/../lib/libmsvcrt.a(libmsvcrt_defs01198.o)
 .data          0x000000014001c3c0        0x0 C:/mingwF20x/bin/../lib/gcc/x86_64-w64-mingw32/15.2.0/../../../../x86_64-w64-mingw32/lib/../lib/libmsvcrt.a(libmsvcrt_defs01200.o)
 .data          0x000000014001c3c0        0x0 C:/mingwF20x/bin/../lib/gcc/x86_64-w64-mingw32/15.2.0/../../../../x86_64-w64-mingw32/lib/../lib/libmsvcrt.a(libmsvcrt_defs01205.o)
 .data          0x000000014001c3c0        0x0 C:/mingwF20x/bin/../lib/gcc/x86_64-w64-mingw32/15.2.0/../../../../x86_64-w64-mingw32/lib/../lib/libmsvcrt.a(libmsvcrt_defs01213.o)
 .data          0x000000014001c3c0        0x0 C:/mingwF20x/bin/../lib/gcc/x86_64-w64-mingw32/15.2.0/../../../../x86_64-w64-mingw32/lib/../lib/libmsvcrt.a(libmsvcrt_defs01216.o)
 .data          0x000000014001c3c0        0x0 C:/mingwF20x/bin/../lib/gcc/x86_64-w64-mingw32/15.2.0/../../../../x86_64-w64-mingw32/lib/../lib/libmsvcrt.a(libmsvcrt_defs01223.o)
 .data          0x000000014001c3c0        0x0 C:/mingwF20x/bin/../lib/gcc/x86_64-w64-mingw32/15.2.0/../../../../x86_64-w64-mingw32/lib/../lib/libmsvcrt.a(libmsvcrt_defs01261.o)
 .data          0x000000014001c3c0        0x0 C:/mingwF20x/bin/../lib/gcc/x86_64-w64-mingw32/15.2.0/../../../../x86_64-w64-mingw32/lib/../lib/libmsvcrt.a(libmsvcrt_defs01270.o)
 .data          0x000000014001c3c0        0x0 C:/mingwF20x/bin/../lib/gcc/x86_64-w64-mingw32/15.2.0/../../../../x86_64-w64-mingw32/lib/../lib/libmsvcrt.a(libmsvcrt_defs01279.o)
 .data          0x000000014001c3c0        0x0 C:/mingwF20x/bin/../lib/gcc/x86_64-w64-mingw32/15.2.0/../../../../x86_64-w64-mingw32/lib/../lib/libmsvcrt.a(libmsvcrt_defs01281.o)
 .data          0x000000014001c3c0        0x0 C:/mingwF20x/bin/../lib/gcc/x86_64-w64-mingw32/15.2.0/../../../../x86_64-w64-mingw32/lib/../lib/libmsvcrt.a(libmsvcrt_defs01289.o)
 .data          0x000000014001c3c0        0x0 C:/mingwF20x/bin/../lib/gcc/x86_64-w64-mingw32/15.2.0/../../../../x86_64-w64-mingw32/lib/../lib/libmsvcrt.a(libmsvcrt_defs01300.o)
 .data          0x000000014001c3c0        0x0 C:/mingwF20x/bin/../lib/gcc/x86_64-w64-mingw32/15.2.0/../../../../x86_64-w64-mingw32/lib/../lib/libmsvcrt.a(libmsvcrt_defs01312.o)
 .data          0x000000014001c3c0        0x0 C:/mingwF20x/bin/../lib/gcc/x86_64-w64-mingw32/15.2.0/../../../../x86_64-w64-mingw32/lib/../lib/libmsvcrt.a(libmsvcrt_defs01330.o)
 .data          0x000000014001c3c0        0x0 C:/mingwF20x/bin/../lib/gcc/x86_64-w64-mingw32/15.2.0/../../../../x86_64-w64-mingw32/lib/../lib/libmsvcrt.a(libmsvcrt_defs01332.o)
 .data          0x000000014001c3c0        0x0 C:/mingwF20x/bin/../lib/gcc/x86_64-w64-mingw32/15.2.0/../../../../x86_64-w64-mingw32/lib/../lib/libmsvcrt.a(libmsvcrt_defs01335.o)
 .data          0x000000014001c3c0        0x0 C:/mingwF20x/bin/../lib/gcc/x86_64-w64-mingw32/15.2.0/../../../../x86_64-w64-mingw32/lib/../lib/libmsvcrt.a(libmsvcrt_defs01373.o)
 .data          0x000000014001c3c0        0x0 C:/mingwF20x/bin/../lib/gcc/x86_64-w64-mingw32/15.2.0/../../../../x86_64-w64-mingw32/lib/../lib/libmsvcrt.a(libmsvcrt_defs01394.o)
 .data          0x000000014001c3c0        0x0 C:/mingwF20x/bin/../lib/gcc/x86_64-w64-mingw32/15.2.0/../../../../x86_64-w64-mingw32/lib/../lib/libmsvcrt.a(libmsvcrt_defh.o)
 .data          0x000000014001c3c0        0x0 C:/mingwF20x/bin/../lib/gcc/x86_64-w64-mingw32/15.2.0/../../../../x86_64-w64-mingw32/lib/../lib/libmsvcrt.a(libmsvcrt_deft.o)
 .data          0x000000014001c3c0        0x0 C:/mingwF20x/bin/../lib/gcc/x86_64-w64-mingw32/15.2.0/../../../../x86_64-w64-mingw32/lib/../lib/libkernel32.a(libkernel32s01588.o)
 .data          0x000000014001c3c0        0x0 C:/mingwF20x/bin/../lib/gcc/x86_64-w64-mingw32/15.2.0/../../../../x86_64-w64-mingw32/lib/../lib/libkernel32.a(libkernel32s01535.o)
 .data          0x000000014001c3c0        0x0 C:/mingwF20x/bin/../lib/gcc/x86_64-w64-mingw32/15.2.0/../../../../x86_64-w64-mingw32/lib/../lib/libkernel32.a(libkernel32s01533.o)
 .data          0x000000014001c3c0        0x0 C:/mingwF20x/bin/../lib/gcc/x86_64-w64-mingw32/15.2.0/../../../../x86_64-w64-mingw32/lib/../lib/libkernel32.a(libkernel32s01485.o)
 .data          0x000000014001c3c0        0x0 C:/mingwF20x/bin/../lib/gcc/x86_64-w64-mingw32/15.2.0/../../../../x86_64-w64-mingw32/lib/../lib/libkernel32.a(libkernel32s01449.o)
 .data          0x000000014001c3c0        0x0 C:/mingwF20x/bin/../lib/gcc/x86_64-w64-mingw32/15.2.0/../../../../x86_64-w64-mingw32/lib/../lib/libkernel32.a(libkernel32s01433.o)
 .data          0x000000014001c3c0        0x0 C:/mingwF20x/bin/../lib/gcc/x86_64-w64-mingw32/15.2.0/../../../../x86_64-w64-mingw32/lib/../lib/libkernel32.a(libkernel32s01064.o)
 .data          0x000000014001c3c0        0x0 C:/mingwF20x/bin/../lib/gcc/x86_64-w64-mingw32/15.2.0/../../../../x86_64-w64-mingw32/lib/../lib/libkernel32.a(libkernel32s01016.o)
 .data          0x000000014001c3c0        0x0 C:/mingwF20x/bin/../lib/gcc/x86_64-w64-mingw32/15.2.0/../../../../x86_64-w64-mingw32/lib/../lib/libkernel32.a(libkernel32s01012.o)
 .data          0x000000014001c3c0        0x0 C:/mingwF20x/bin/../lib/gcc/x86_64-w64-mingw32/15.2.0/../../../../x86_64-w64-mingw32/lib/../lib/libkernel32.a(libkernel32s00945.o)
 .data          0x000000014001c3c0        0x0 C:/mingwF20x/bin/../lib/gcc/x86_64-w64-mingw32/15.2.0/../../../../x86_64-w64-mingw32/lib/../lib/libkernel32.a(libkernel32s00918.o)
 .data          0x000000014001c3c0        0x0 C:/mingwF20x/bin/../lib/gcc/x86_64-w64-mingw32/15.2.0/../../../../x86_64-w64-mingw32/lib/../lib/libkernel32.a(libkernel32s00730.o)
 .data          0x000000014001c3c0        0x0 C:/mingwF20x/bin/../lib/gcc/x86_64-w64-mingw32/15.2.0/../../../../x86_64-w64-mingw32/lib/../lib/libkernel32.a(libkernel32s00670.o)
 .data          0x000000014001c3c0        0x0 C:/mingwF20x/bin/../lib/gcc/x86_64-w64-mingw32/15.2.0/../../../../x86_64-w64-mingw32/lib/../lib/libkernel32.a(libkernel32s00648.o)
 .data          0x000000014001c3c0        0x0 C:/mingwF20x/bin/../lib/gcc/x86_64-w64-mingw32/15.2.0/../../../../x86_64-w64-mingw32/lib/../lib/libkernel32.a(libkernel32s00458.o)
 .data          0x000000014001c3c0        0x0 C:/mingwF20x/bin/../lib/gcc/x86_64-w64-mingw32/15.2.0/../../../../x86_64-w64-mingw32/lib/../lib/libkernel32.a(libkernel32s00333.o)
 .data          0x000000014001c3c0        0x0 C:/mingwF20x/bin/../lib/gcc/x86_64-w64-mingw32/15.2.0/../../../../x86_64-w64-mingw32/lib/../lib/libkernel32.a(libkernel32s00295.o)
 .data          0x000000014001c3c0        0x0 C:/mingwF20x/bin/../lib/gcc/x86_64-w64-mingw32/15.2.0/../../../../x86_64-w64-mingw32/lib/../lib/libkernel32.a(libkernel32h.o)
 .data          0x000000014001c3c0        0x0 C:/mingwF20x/bin/../lib/gcc/x86_64-w64-mingw32/15.2.0/../../../../x86_64-w64-mingw32/lib/../lib/libkernel32.a(libkernel32t.o)
 .data          0x000000014001c3c0        0x0 C:/mingwF20x/bin/../lib/gcc/x86_64-w64-mingw32/15.2.0/../../../../x86_64-w64-mingw32/lib/../lib/libmingwex.a(lib64_libmingwex_a-fpclassifyf.o)
 .data          0x000000014001c3c0        0x0 C:/mingwF20x/bin/../lib/gcc/x86_64-w64-mingw32/15.2.0/../../../../x86_64-w64-mingw32/lib/../lib/libmingwex.a(lib64_libmingwex_a-signbit.o)
 .data          0x000000014001c3c0        0x0 C:/mingwF20x/bin/../lib/gcc/x86_64-w64-mingw32/15.2.0/../../../../x86_64-w64-mingw32/lib/../lib/libmingwex.a(lib64_libmingwex_a-signbitf.o)
 .data          0x000000014001c3c0        0x0 C:/mingwF20x/bin/../lib/gcc/x86_64-w64-mingw32/15.2.0/../../../../x86_64-w64-mingw32/lib/../lib/libmingwex.a(lib64_libmingwex_a-internal_logl.o)
 .data          0x000000014001c3c0        0x0 C:/mingwF20x/bin/../lib/gcc/x86_64-w64-mingw32/15.2.0/crtfastmath.o
 .data          0x000000014001c3c0        0x0 C:/mingwF20x/bin/../lib/gcc/x86_64-w64-mingw32/15.2.0/crtend.o
 *(.data2)
 *(SORT_BY_NAME(.data$*))
 *(.jcr)
                0x000000014001c3c0                __data_end__ = .
 *(.data_cygwin_nocopy)

.rdata          0x000000014001d000     0x1e00
 *(.rdata)
 .rdata         0x000000014001d000       0x50 C:/mingwF20x/bin/../lib/gcc/x86_64-w64-mingw32/15.2.0/crtbegin.o
 *fill*         0x000000014001d050       0x10 
 .rdata         0x000000014001d060      0x2e0 C:\Users\Shelwien\AppData\Local\Temp\ccgwjwDB.o
 .rdata         0x000000014001d340       0x40 C:/mingwF20x/bin/../lib/gcc/x86_64-w64-mingw32/15.2.0/../../../../x86_64-w64-mingw32/lib/../lib/libmingw32.a(lib64_libmingw32_a-tlssup.o)
                0x000000014001d340                _tls_used
                0x000000014001d368                __dyn_tls_init_callback
 .rdata         0x000000014001d380      0x130 C:/mingwF20x/bin/../lib/gcc/x86_64-w64-mingw32/15.2.0/../../../../x86_64-w64-mingw32/lib/../lib/libmingw32.a(lib64_libmingw32_a-merr.o)
 .rdata         0x000000014001d4b0      0x160 C:/mingwF20x/bin/../lib/gcc/x86_64-w64-mingw32/15.2.0/../../../../x86_64-w64-mingw32/lib/../lib/libmingw32.a(lib64_libmingw32_a-pseudo-reloc.o)
 .rdata         0x000000014001d610       0x20 C:/mingwF20x/bin/../lib/gcc/x86_64-w64-mingw32/15.2.0/../../../../x86_64-w64-mingw32/lib/../lib/libmingwex.a(lib64_libmingwex_a-mingw_pformat.o)
 .rdata         0x000000014001d630       0x80 C:/mingwF20x/bin/../lib/gcc/x86_64-w64-mingw32/15.2.0/../../../../x86_64-w64-mingw32/lib/../lib/libmingwex.a(lib64_libmingwex_a-gdtoa.o)
 *fill*         0x000000014001d6b0       0x10 
 .rdata         0x000000014001d6c0      0x140 C:/mingwF20x/bin/../lib/gcc/x86_64-w64-mingw32/15.2.0/../../../../x86_64-w64-mingw32/lib/../lib/libmingwex.a(lib64_libmingwex_a-misc.o)
                0x000000014001d6c0                __bigtens_D2A
                0x000000014001d700                __tinytens_D2A
                0x000000014001d740                __tens_D2A
 .rdata         0x000000014001d800       0x20 C:/mingwF20x/bin/../lib/gcc/x86_64-w64-mingw32/15.2.0/../../../../x86_64-w64-mingw32/lib/../lib/libmsvcrt.a(lib64_libmsvcrt_common_a-log.o)
 .rdata         0x000000014001d820       0x30 C:/mingwF20x/bin/../lib/gcc/x86_64-w64-mingw32/15.2.0/../../../../x86_64-w64-mingw32/lib/../lib/libmsvcrt.a(lib64_libmsvcrt_common_a-exp.o)
 .rdata         0x000000014001d850       0x20 C:/mingwF20x/bin/../lib/gcc/x86_64-w64-mingw32/15.2.0/../../../../x86_64-w64-mingw32/lib/../lib/libmsvcrt.a(lib64_libmsvcrt_common_a-sqrtf.o)
 .rdata         0x000000014001d870       0x30 C:/mingwF20x/bin/../lib/gcc/x86_64-w64-mingw32/15.2.0/../../../../x86_64-w64-mingw32/lib/../lib/libmsvcrt.a(lib64_libmsvcrt_common_a-sqrt.o)
 *(SORT_BY_NAME(.rdata$*))
 .rdata$.refptr._CRT_MT
                0x000000014001d8a0       0x10 C:/mingwF20x/bin/../lib/gcc/x86_64-w64-mingw32/15.2.0/../../../../x86_64-w64-mingw32/lib/../lib/libmingw32.a(lib64_libmingw32_a-tlssup.o)
                0x000000014001d8a0                .refptr._CRT_MT
 .rdata$.refptr._MINGW_INSTALL_DEBUG_MATHERR
                0x000000014001d8b0       0x10 C:/mingwF20x/bin/../lib/gcc/x86_64-w64-mingw32/15.2.0/../../../../x86_64-w64-mingw32/lib/../lib/crt2.o
                0x000000014001d8b0                .refptr._MINGW_INSTALL_DEBUG_MATHERR
 .rdata$.refptr.__CTOR_LIST__
                0x000000014001d8c0       0x10 C:/mingwF20x/bin/../lib/gcc/x86_64-w64-mingw32/15.2.0/../../../../x86_64-w64-mingw32/lib/../lib/libmingw32.a(lib64_libmingw32_a-gccmain.o)
                0x000000014001d8c0                .refptr.__CTOR_LIST__
 .rdata$.refptr.__ImageBase
                0x000000014001d8d0       0x10 C:/mingwF20x/bin/../lib/gcc/x86_64-w64-mingw32/15.2.0/../../../../x86_64-w64-mingw32/lib/../lib/crt2.o
                0x000000014001d8d0                .refptr.__ImageBase
 .rdata$.refptr.__RUNTIME_PSEUDO_RELOC_LIST_END__
                0x000000014001d8e0       0x10 C:/mingwF20x/bin/../lib/gcc/x86_64-w64-mingw32/15.2.0/../../../../x86_64-w64-mingw32/lib/../lib/libmingw32.a(lib64_libmingw32_a-pseudo-reloc.o)
                0x000000014001d8e0                .refptr.__RUNTIME_PSEUDO_RELOC_LIST_END__
 .rdata$.refptr.__RUNTIME_PSEUDO_RELOC_LIST__
                0x000000014001d8f0       0x10 C:/mingwF20x/bin/../lib/gcc/x86_64-w64-mingw32/15.2.0/../../../../x86_64-w64-mingw32/lib/../lib/libmingw32.a(lib64_libmingw32_a-pseudo-reloc.o)
                0x000000014001d8f0                .refptr.__RUNTIME_PSEUDO_RELOC_LIST__
 .rdata$.refptr.__bigtens_D2A
                0x000000014001d900       0x10 C:/mingwF20x/bin/../lib/gcc/x86_64-w64-mingw32/15.2.0/../../../../x86_64-w64-mingw32/lib/../lib/libmingwex.a(lib64_libmingwex_a-gdtoa.o)
                0x000000014001d900                .refptr.__bigtens_D2A
 .rdata$.refptr.__dyn_tls_init_callback
                0x000000014001d910       0x10 C:/mingwF20x/bin/../lib/gcc/x86_64-w64-mingw32/15.2.0/../../../../x86_64-w64-mingw32/lib/../lib/crt2.o
                0x000000014001d910                .refptr.__dyn_tls_init_callback
 .rdata$.refptr.__globallocalestatus
                0x000000014001d920       0x10 C:/mingwF20x/bin/../lib/gcc/x86_64-w64-mingw32/15.2.0/../../../../x86_64-w64-mingw32/lib/../lib/crt2.o
                0x000000014001d920                .refptr.__globallocalestatus
 .rdata$.refptr.__imp___initenv
                0x000000014001d930       0x10 C:/mingwF20x/bin/../lib/gcc/x86_64-w64-mingw32/15.2.0/../../../../x86_64-w64-mingw32/lib/../lib/libmsvcrt.a(lib64_libmsvcrt_extra_a-__p___initenv.o)
                0x000000014001d930                .refptr.__imp___initenv
 .rdata$.refptr.__imp__commode
                0x000000014001d940       0x10 C:/mingwF20x/bin/../lib/gcc/x86_64-w64-mingw32/15.2.0/../../../../x86_64-w64-mingw32/lib/../lib/libmsvcrt.a(lib64_libmsvcrt_extra_a-__p__commode.o)
                0x000000014001d940                .refptr.__imp__commode
 .rdata$.refptr.__imp__fmode
                0x000000014001d950       0x10 C:/mingwF20x/bin/../lib/gcc/x86_64-w64-mingw32/15.2.0/../../../../x86_64-w64-mingw32/lib/../lib/libmsvcrt.a(lib64_libmsvcrt_extra_a-__p__fmode.o)
                0x000000014001d950                .refptr.__imp__fmode
 .rdata$.refptr.__mingw_app_type
                0x000000014001d960       0x10 C:/mingwF20x/bin/../lib/gcc/x86_64-w64-mingw32/15.2.0/../../../../x86_64-w64-mingw32/lib/../lib/crt2.o
                0x000000014001d960                .refptr.__mingw_app_type
 .rdata$.refptr.__mingw_initltsdrot_force
                0x000000014001d970       0x10 C:/mingwF20x/bin/../lib/gcc/x86_64-w64-mingw32/15.2.0/../../../../x86_64-w64-mingw32/lib/../lib/crt2.o
                0x000000014001d970                .refptr.__mingw_initltsdrot_force
 .rdata$.refptr.__mingw_initltsdyn_force
                0x000000014001d980       0x10 C:/mingwF20x/bin/../lib/gcc/x86_64-w64-mingw32/15.2.0/../../../../x86_64-w64-mingw32/lib/../lib/crt2.o
                0x000000014001d980                .refptr.__mingw_initltsdyn_force
 .rdata$.refptr.__mingw_initltssuo_force
                0x000000014001d990       0x10 C:/mingwF20x/bin/../lib/gcc/x86_64-w64-mingw32/15.2.0/../../../../x86_64-w64-mingw32/lib/../lib/crt2.o
                0x000000014001d990                .refptr.__mingw_initltssuo_force
 .rdata$.refptr.__mingw_oldexcpt_handler
                0x000000014001d9a0       0x10 C:/mingwF20x/bin/../lib/gcc/x86_64-w64-mingw32/15.2.0/../../../../x86_64-w64-mingw32/lib/../lib/crt2.o
                0x000000014001d9a0                .refptr.__mingw_oldexcpt_handler
 .rdata$.refptr.__native_startup_lock
                0x000000014001d9b0       0x10 C:/mingwF20x/bin/../lib/gcc/x86_64-w64-mingw32/15.2.0/../../../../x86_64-w64-mingw32/lib/../lib/crt2.o
                0x000000014001d9b0                .refptr.__native_startup_lock
 .rdata$.refptr.__native_startup_state
                0x000000014001d9c0       0x10 C:/mingwF20x/bin/../lib/gcc/x86_64-w64-mingw32/15.2.0/../../../../x86_64-w64-mingw32/lib/../lib/crt2.o
                0x000000014001d9c0                .refptr.__native_startup_state
 .rdata$.refptr.__tens_D2A
                0x000000014001d9d0       0x10 C:/mingwF20x/bin/../lib/gcc/x86_64-w64-mingw32/15.2.0/../../../../x86_64-w64-mingw32/lib/../lib/libmingwex.a(lib64_libmingwex_a-gdtoa.o)
                0x000000014001d9d0                .refptr.__tens_D2A
 .rdata$.refptr.__xc_a
                0x000000014001d9e0       0x10 C:/mingwF20x/bin/../lib/gcc/x86_64-w64-mingw32/15.2.0/../../../../x86_64-w64-mingw32/lib/../lib/crt2.o
                0x000000014001d9e0                .refptr.__xc_a
 .rdata$.refptr.__xc_z
                0x000000014001d9f0       0x10 C:/mingwF20x/bin/../lib/gcc/x86_64-w64-mingw32/15.2.0/../../../../x86_64-w64-mingw32/lib/../lib/crt2.o
                0x000000014001d9f0                .refptr.__xc_z
 .rdata$.refptr.__xi_a
                0x000000014001da00       0x10 C:/mingwF20x/bin/../lib/gcc/x86_64-w64-mingw32/15.2.0/../../../../x86_64-w64-mingw32/lib/../lib/crt2.o
                0x000000014001da00                .refptr.__xi_a
 .rdata$.refptr.__xi_z
                0x000000014001da10       0x10 C:/mingwF20x/bin/../lib/gcc/x86_64-w64-mingw32/15.2.0/../../../../x86_64-w64-mingw32/lib/../lib/crt2.o
                0x000000014001da10                .refptr.__xi_z
 .rdata$.refptr._commode
                0x000000014001da20       0x10 C:/mingwF20x/bin/../lib/gcc/x86_64-w64-mingw32/15.2.0/../../../../x86_64-w64-mingw32/lib/../lib/crt2.o
                0x000000014001da20                .refptr._commode
 .rdata$.refptr._dowildcard
                0x000000014001da30       0x10 C:/mingwF20x/bin/../lib/gcc/x86_64-w64-mingw32/15.2.0/../../../../x86_64-w64-mingw32/lib/../lib/crt2.o
                0x000000014001da30                .refptr._dowildcard
 .rdata$.refptr._fmode
                0x000000014001da40       0x10 C:/mingwF20x/bin/../lib/gcc/x86_64-w64-mingw32/15.2.0/../../../../x86_64-w64-mingw32/lib/../lib/crt2.o
                0x000000014001da40                .refptr._fmode
 .rdata$.refptr._gnu_exception_handler
                0x000000014001da50       0x10 C:/mingwF20x/bin/../lib/gcc/x86_64-w64-mingw32/15.2.0/../../../../x86_64-w64-mingw32/lib/../lib/crt2.o
                0x000000014001da50                .refptr._gnu_exception_handler
 .rdata$.refptr._matherr
                0x000000014001da60       0x10 C:/mingwF20x/bin/../lib/gcc/x86_64-w64-mingw32/15.2.0/../../../../x86_64-w64-mingw32/lib/../lib/crt2.o
                0x000000014001da60                .refptr._matherr
 .rdata$.refptr._newmode
                0x000000014001da70       0x10 C:/mingwF20x/bin/../lib/gcc/x86_64-w64-mingw32/15.2.0/../../../../x86_64-w64-mingw32/lib/../lib/crt2.o
                0x000000014001da70                .refptr._newmode
 .rdata$zzz     0x000000014001da80       0x50 C:/mingwF20x/bin/../lib/gcc/x86_64-w64-mingw32/15.2.0/../../../../x86_64-w64-mingw32/lib/../lib/crt2.o
 .rdata$zzz     0x000000014001dad0       0x50 C:/mingwF20x/bin/../lib/gcc/x86_64-w64-mingw32/15.2.0/crtbegin.o
 .rdata$zzz     0x000000014001db20       0x50 C:\Users\Shelwien\AppData\Local\Temp\ccgwjwDB.o
 .rdata$zzz     0x000000014001db70       0x50 C:/mingwF20x/bin/../lib/gcc/x86_64-w64-mingw32/15.2.0/../../../../x86_64-w64-mingw32/lib/../lib/libmingw32.a(lib64_libmingw32_a-gccmain.o)
 .rdata$zzz     0x000000014001dbc0       0x50 C:/mingwF20x/bin/../lib/gcc/x86_64-w64-mingw32/15.2.0/../../../../x86_64-w64-mingw32/lib/../lib/libmingw32.a(lib64_libmingw32_a-natstart.o)
 .rdata$zzz     0x000000014001dc10       0x50 C:/mingwF20x/bin/../lib/gcc/x86_64-w64-mingw32/15.2.0/../../../../x86_64-w64-mingw32/lib/../lib/libmingw32.a(lib64_libmingw32_a-wildcard.o)
 .rdata$zzz     0x000000014001dc60       0x50 C:/mingwF20x/bin/../lib/gcc/x86_64-w64-mingw32/15.2.0/../../../../x86_64-w64-mingw32/lib/../lib/libmingw32.a(lib64_libmingw32_a-dllargv.o)
 .rdata$zzz     0x000000014001dcb0       0x50 C:/mingwF20x/bin/../lib/gcc/x86_64-w64-mingw32/15.2.0/../../../../x86_64-w64-mingw32/lib/../lib/libmingw32.a(lib64_libmingw32_a-_newmode.o)
 .rdata$zzz     0x000000014001dd00       0x50 C:/mingwF20x/bin/../lib/gcc/x86_64-w64-mingw32/15.2.0/../../../../x86_64-w64-mingw32/lib/../lib/libmingw32.a(lib64_libmingw32_a-tlssup.o)
 .rdata$zzz     0x000000014001dd50       0x50 C:/mingwF20x/bin/../lib/gcc/x86_64-w64-mingw32/15.2.0/../../../../x86_64-w64-mingw32/lib/../lib/libmingw32.a(lib64_libmingw32_a-xncommod.o)
 .rdata$zzz     0x000000014001dda0       0x50 C:/mingwF20x/bin/../lib/gcc/x86_64-w64-mingw32/15.2.0/../../../../x86_64-w64-mingw32/lib/../lib/libmingw32.a(lib64_libmingw32_a-cinitexe.o)
 .rdata$zzz     0x000000014001ddf0       0x50 C:/mingwF20x/bin/../lib/gcc/x86_64-w64-mingw32/15.2.0/../../../../x86_64-w64-mingw32/lib/../lib/libmingw32.a(lib64_libmingw32_a-merr.o)
 .rdata$zzz     0x000000014001de40       0x50 C:/mingwF20x/bin/../lib/gcc/x86_64-w64-mingw32/15.2.0/../../../../x86_64-w64-mingw32/lib/../lib/libmingw32.a(lib64_libmingw32_a-xthdloc.o)
 .rdata$zzz     0x000000014001de90       0x50 C:/mingwF20x/bin/../lib/gcc/x86_64-w64-mingw32/15.2.0/../../../../x86_64-w64-mingw32/lib/../lib/libmingw32.a(lib64_libmingw32_a-mingw_helpers.o)
 .rdata$zzz     0x000000014001dee0       0x50 C:/mingwF20x/bin/../lib/gcc/x86_64-w64-mingw32/15.2.0/../../../../x86_64-w64-mingw32/lib/../lib/libmingw32.a(lib64_libmingw32_a-pseudo-reloc.o)
 .rdata$zzz     0x000000014001df30       0x50 C:/mingwF20x/bin/../lib/gcc/x86_64-w64-mingw32/15.2.0/../../../../x86_64-w64-mingw32/lib/../lib/libmingw32.a(lib64_libmingw32_a-usermatherr.o)
 .rdata$zzz     0x000000014001df80       0x50 C:/mingwF20x/bin/../lib/gcc/x86_64-w64-mingw32/15.2.0/../../../../x86_64-w64-mingw32/lib/../lib/libmingw32.a(lib64_libmingw32_a-xtxtmode.o)
 .rdata$zzz     0x000000014001dfd0       0x50 C:/mingwF20x/bin/../lib/gcc/x86_64-w64-mingw32/15.2.0/../../../../x86_64-w64-mingw32/lib/../lib/libmingw32.a(lib64_libmingw32_a-crt_handler.o)
 .rdata$zzz     0x000000014001e020       0x50 C:/mingwF20x/bin/../lib/gcc/x86_64-w64-mingw32/15.2.0/../../../../x86_64-w64-mingw32/lib/../lib/libmingw32.a(lib64_libmingw32_a-tlsthrd.o)
 .rdata$zzz     0x000000014001e070       0x50 C:/mingwF20x/bin/../lib/gcc/x86_64-w64-mingw32/15.2.0/../../../../x86_64-w64-mingw32/lib/../lib/libmingw32.a(lib64_libmingw32_a-tlsmcrt.o)
 .rdata$zzz     0x000000014001e0c0       0x50 C:/mingwF20x/bin/../lib/gcc/x86_64-w64-mingw32/15.2.0/../../../../x86_64-w64-mingw32/lib/../lib/libmingw32.a(lib64_libmingw32_a-CRT_fp10.o)
 .rdata$zzz     0x000000014001e110       0x50 C:/mingwF20x/bin/../lib/gcc/x86_64-w64-mingw32/15.2.0/../../../../x86_64-w64-mingw32/lib/../lib/libmingw32.a(lib64_libmingw32_a-pseudo-reloc-list.o)
 .rdata$zzz     0x000000014001e160       0x50 C:/mingwF20x/bin/../lib/gcc/x86_64-w64-mingw32/15.2.0/../../../../x86_64-w64-mingw32/lib/../lib/libmingw32.a(lib64_libmingw32_a-pesect.o)
 .rdata$zzz     0x000000014001e1b0       0x50 C:/mingwF20x/bin/../lib/gcc/x86_64-w64-mingw32/15.2.0/libgcc.a(_ctors.o)
 .rdata$zzz     0x000000014001e200       0x50 C:/mingwF20x/bin/../lib/gcc/x86_64-w64-mingw32/15.2.0/../../../../x86_64-w64-mingw32/lib/../lib/libmingwex.a(lib64_libmingwex_a-mingw_matherr.o)
 .rdata$zzz     0x000000014001e250       0x50 C:/mingwF20x/bin/../lib/gcc/x86_64-w64-mingw32/15.2.0/../../../../x86_64-w64-mingw32/lib/../lib/libmingwex.a(lib64_libmingwex_a-mingw_printf.o)
 .rdata$zzz     0x000000014001e2a0       0x50 C:/mingwF20x/bin/../lib/gcc/x86_64-w64-mingw32/15.2.0/../../../../x86_64-w64-mingw32/lib/../lib/libmingwex.a(lib64_libmingwex_a-mingw_pformat.o)
 .rdata$zzz     0x000000014001e2f0       0x50 C:/mingwF20x/bin/../lib/gcc/x86_64-w64-mingw32/15.2.0/../../../../x86_64-w64-mingw32/lib/../lib/libmingwex.a(lib64_libmingwex_a-dmisc.o)
 .rdata$zzz     0x000000014001e340       0x50 C:/mingwF20x/bin/../lib/gcc/x86_64-w64-mingw32/15.2.0/../../../../x86_64-w64-mingw32/lib/../lib/libmingwex.a(lib64_libmingwex_a-gdtoa.o)
 .rdata$zzz     0x000000014001e390       0x50 C:/mingwF20x/bin/../lib/gcc/x86_64-w64-mingw32/15.2.0/../../../../x86_64-w64-mingw32/lib/../lib/libmingwex.a(lib64_libmingwex_a-gmisc.o)
 .rdata$zzz     0x000000014001e3e0       0x50 C:/mingwF20x/bin/../lib/gcc/x86_64-w64-mingw32/15.2.0/../../../../x86_64-w64-mingw32/lib/../lib/libmingwex.a(lib64_libmingwex_a-misc.o)
 .rdata$zzz     0x000000014001e430       0x50 C:/mingwF20x/bin/../lib/gcc/x86_64-w64-mingw32/15.2.0/../../../../x86_64-w64-mingw32/lib/../lib/libmingwex.a(lib64_libmingwex_a-fpclassify.o)
 .rdata$zzz     0x000000014001e480       0x50 C:/mingwF20x/bin/../lib/gcc/x86_64-w64-mingw32/15.2.0/../../../../x86_64-w64-mingw32/lib/../lib/libmingwex.a(lib64_libmingwex_a-fpclassifyl.o)
 .rdata$zzz     0x000000014001e4d0       0x50 C:/mingwF20x/bin/../lib/gcc/x86_64-w64-mingw32/15.2.0/../../../../x86_64-w64-mingw32/lib/../lib/libmingwex.a(lib64_libmingwex_a-isnan.o)
 .rdata$zzz     0x000000014001e520       0x50 C:/mingwF20x/bin/../lib/gcc/x86_64-w64-mingw32/15.2.0/../../../../x86_64-w64-mingw32/lib/../lib/libmingwex.a(lib64_libmingwex_a-isnanl.o)
 .rdata$zzz     0x000000014001e570       0x50 C:/mingwF20x/bin/../lib/gcc/x86_64-w64-mingw32/15.2.0/../../../../x86_64-w64-mingw32/lib/../lib/libmsvcrt.a(lib64_libmsvcrt_extra_a-wcsnlen.o)
 .rdata$zzz     0x000000014001e5c0       0x50 C:/mingwF20x/bin/../lib/gcc/x86_64-w64-mingw32/15.2.0/../../../../x86_64-w64-mingw32/lib/../lib/libmsvcrt.a(lib64_libmsvcrt_extra_a-wcrtomb.o)
 .rdata$zzz     0x000000014001e610       0x50 C:/mingwF20x/bin/../lib/gcc/x86_64-w64-mingw32/15.2.0/../../../../x86_64-w64-mingw32/lib/../lib/libmsvcrt.a(lib64_libmsvcrt_extra_a-strnlen.o)
 .rdata$zzz     0x000000014001e660       0x50 C:/mingwF20x/bin/../lib/gcc/x86_64-w64-mingw32/15.2.0/../../../../x86_64-w64-mingw32/lib/../lib/libmsvcrt.a(lib64_libmsvcrt_extra_a-mbrtowc.o)
 .rdata$zzz     0x000000014001e6b0       0x50 C:/mingwF20x/bin/../lib/gcc/x86_64-w64-mingw32/15.2.0/../../../../x86_64-w64-mingw32/lib/../lib/libmsvcrt.a(lib64_libmsvcrt_extra_a-_initterm_e.o)
 .rdata$zzz     0x000000014001e700       0x50 C:/mingwF20x/bin/../lib/gcc/x86_64-w64-mingw32/15.2.0/../../../../x86_64-w64-mingw32/lib/../lib/libmsvcrt.a(lib64_libmsvcrt_extra_a-__p__fmode.o)
 .rdata$zzz     0x000000014001e750       0x50 C:/mingwF20x/bin/../lib/gcc/x86_64-w64-mingw32/15.2.0/../../../../x86_64-w64-mingw32/lib/../lib/libmsvcrt.a(lib64_libmsvcrt_extra_a-__p__commode.o)
 .rdata$zzz     0x000000014001e7a0       0x50 C:/mingwF20x/bin/../lib/gcc/x86_64-w64-mingw32/15.2.0/../../../../x86_64-w64-mingw32/lib/../lib/libmsvcrt.a(lib64_libmsvcrt_extra_a-__p___initenv.o)
 .rdata$zzz     0x000000014001e7f0       0x50 C:/mingwF20x/bin/../lib/gcc/x86_64-w64-mingw32/15.2.0/../../../../x86_64-w64-mingw32/lib/../lib/libmsvcrt.a(lib64_libmsvcrt_extra_a-mingw_lock.o)
 .rdata$zzz     0x000000014001e840       0x50 C:/mingwF20x/bin/../lib/gcc/x86_64-w64-mingw32/15.2.0/../../../../x86_64-w64-mingw32/lib/../lib/libmsvcrt.a(lib64_libmsvcrt_extra_a-invalid_parameter_handler.o)
 .rdata$zzz     0x000000014001e890       0x50 C:/mingwF20x/bin/../lib/gcc/x86_64-w64-mingw32/15.2.0/../../../../x86_64-w64-mingw32/lib/../lib/libmsvcrt.a(lib64_libmsvcrt_extra_a-_configthreadlocale.o)
 .rdata$zzz     0x000000014001e8e0       0x50 C:/mingwF20x/bin/../lib/gcc/x86_64-w64-mingw32/15.2.0/../../../../x86_64-w64-mingw32/lib/../lib/libmsvcrt.a(lib64_libmsvcrt_common_a-log.o)
 .rdata$zzz     0x000000014001e930       0x50 C:/mingwF20x/bin/../lib/gcc/x86_64-w64-mingw32/15.2.0/../../../../x86_64-w64-mingw32/lib/../lib/libmsvcrt.a(lib64_libmsvcrt_common_a-exp.o)
 .rdata$zzz     0x000000014001e980       0x50 C:/mingwF20x/bin/../lib/gcc/x86_64-w64-mingw32/15.2.0/../../../../x86_64-w64-mingw32/lib/../lib/libmsvcrt.a(lib64_libmsvcrt_common_a-sqrtf.o)
 .rdata$zzz     0x000000014001e9d0       0x50 C:/mingwF20x/bin/../lib/gcc/x86_64-w64-mingw32/15.2.0/../../../../x86_64-w64-mingw32/lib/../lib/libmsvcrt.a(lib64_libmsvcrt_common_a-sqrt.o)
 .rdata$zzz     0x000000014001ea20       0x50 C:/mingwF20x/bin/../lib/gcc/x86_64-w64-mingw32/15.2.0/../../../../x86_64-w64-mingw32/lib/../lib/libmsvcrt.a(lib64_libmsvcrt_common_a-logf.o)
 .rdata$zzz     0x000000014001ea70       0x50 C:/mingwF20x/bin/../lib/gcc/x86_64-w64-mingw32/15.2.0/../../../../x86_64-w64-mingw32/lib/../lib/libmsvcrt.a(lib64_libmsvcrt_common_a-acrt_iob_func.o)
 .rdata$zzz     0x000000014001eac0       0x50 C:/mingwF20x/bin/../lib/gcc/x86_64-w64-mingw32/15.2.0/../../../../x86_64-w64-mingw32/lib/../lib/libmingwex.a(lib64_libmingwex_a-fpclassifyf.o)
 .rdata$zzz     0x000000014001eb10       0x50 C:/mingwF20x/bin/../lib/gcc/x86_64-w64-mingw32/15.2.0/../../../../x86_64-w64-mingw32/lib/../lib/libmingwex.a(lib64_libmingwex_a-signbit.o)
 .rdata$zzz     0x000000014001eb60       0x50 C:/mingwF20x/bin/../lib/gcc/x86_64-w64-mingw32/15.2.0/../../../../x86_64-w64-mingw32/lib/../lib/libmingwex.a(lib64_libmingwex_a-signbitf.o)
 .rdata$zzz     0x000000014001ebb0       0x50 C:/mingwF20x/bin/../lib/gcc/x86_64-w64-mingw32/15.2.0/crtfastmath.o
 .rdata$zzz     0x000000014001ec00       0x50 C:/mingwF20x/bin/../lib/gcc/x86_64-w64-mingw32/15.2.0/crtend.o
                0x000000014001ec50                . = ALIGN (0x4)
                0x000000014001ec50                __rt_psrelocs_start = .
 *(.rdata_runtime_pseudo_reloc)
                0x000000014001ec50                __rt_psrelocs_end = .
                0x000000014001ec50                . = ALIGN (0x8)
                0x000000014001ec50                __DELAY_IMPORT_DIRECTORY_start__ = .
 SORT_BY_NAME(*)(.didat$2)
 SORT_BY_NAME(*)(.didat$3)
                0x000000014001ec50                __DELAY_IMPORT_DIRECTORY_end__ = .
                0x000000014001ec50                . = (. + (__DELAY_IMPORT_DIRECTORY_end__ - __DELAY_IMPORT_DIRECTORY_start__)?0x20:0x0)
                0x000000014001ec50                . = ALIGN (0x8)
 SORT_BY_NAME(*)(.didat$4)
 SORT_BY_NAME(*)(.didat$6)
 SORT_BY_NAME(*)(.didat$7)
                0x000000014001ec50                . = ALIGN (0x8)
                0x000000014001ec50                ___CTOR_LIST__ = .
                0x000000014001ec50                __CTOR_LIST__ = .
                0x000000014001ec50        0x4 LONG 0xffffffffffffffff
                0x000000014001ec54        0x4 LONG 0xffffffffffffffff
 *(.ctors)
 .ctors         0x000000014001ec58        0x8 C:/mingwF20x/bin/../lib/gcc/x86_64-w64-mingw32/15.2.0/crtfastmath.o
 *(.ctor)
 *(SORT_BY_NAME(.ctors.*))
 .ctors.65535   0x000000014001ec60        0x8 C:/mingwF20x/bin/../lib/gcc/x86_64-w64-mingw32/15.2.0/crtend.o
                0x000000014001ec68        0x4 LONG 0x0
                0x000000014001ec6c        0x4 LONG 0x0
                0x000000014001ec70                ___DTOR_LIST__ = .
                0x000000014001ec70                __DTOR_LIST__ = .
                0x000000014001ec70        0x4 LONG 0xffffffffffffffff
                0x000000014001ec74        0x4 LONG 0xffffffffffffffff
 *(.dtors)
 *(.dtor)
 *(SORT_BY_NAME(.dtors.*))
                0x000000014001ec78        0x4 LONG 0x0
                0x000000014001ec7c        0x4 LONG 0x0
                0x000000014001ec80                ___crt_xc_start__ = .
 *(SORT_BY_NAME(.CRT$XC*))
 .CRT$XCA       0x000000014001ec80        0x8 C:/mingwF20x/bin/../lib/gcc/x86_64-w64-mingw32/15.2.0/../../../../x86_64-w64-mingw32/lib/../lib/libmingw32.a(lib64_libmingw32_a-cinitexe.o)
                0x000000014001ec80                __xc_a
 .CRT$XCZ       0x000000014001ec88        0x8 C:/mingwF20x/bin/../lib/gcc/x86_64-w64-mingw32/15.2.0/../../../../x86_64-w64-mingw32/lib/../lib/libmingw32.a(lib64_libmingw32_a-cinitexe.o)
                0x000000014001ec88                __xc_z
                0x000000014001ec90                ___crt_xc_end__ = .
                0x000000014001ec90                ___crt_xi_start__ = .
 *(SORT_BY_NAME(.CRT$XI*))